state.h:19:13:State::~State()	16	static
state.h:19:13:virtual State::~State()	16	static
state.h:25:18:virtual void State::onExit()	16	static
state.h:26:18:virtual void State::onEnter()	16	static
state.h:29:18:virtual void State::onUpdate()	16	static
transition.h:19:10:Transition::~Transition()	16	static
transition.h:19:10:virtual Transition::~Transition()	16	static
transition.h:17:7:constexpr Transition::Transition()	16	static
ba_transition.h:14:7:constexpr BATransition::BATransition()	16	static
b_state.h:17:2:virtual bool BState::getValidTransition(State*&)	24	static
b_state.h:19:5:BState::~BState()	24	static
b_state.h:19:5:virtual BState::~BState()	16	static
b_state.h:23:10:virtual void BState::onEnter()	16	static
ab_transition.cpp:12:6:virtual bool ABTransition::isValid()	16	static
state.h:16:7:constexpr State::State()	16	static
b_state.h:16:7:constexpr BState::BState()	24	static
ab_transition.cpp:16:8:virtual State* ABTransition::getNextState()	24	static
ab_transition.h:14:7:ABTransition::~ABTransition()	16	static
ab_transition.h:14:7:virtual ABTransition::~ABTransition()	16	static
