state.h:16:13:State::~State()	16	static
state.h:16:13:virtual State::~State()	16	static
state.h:22:18:virtual void State::onExit()	16	static
state.h:23:18:virtual void State::onEnter()	16	static
state.h:26:18:virtual void State::onUpdate()	16	static
transition.h:19:10:Transition::~Transition()	16	static
transition.h:19:10:virtual Transition::~Transition()	16	static
transition.h:17:7:constexpr Transition::Transition()	16	static
ab_transition.h:14:7:constexpr ABTransition::ABTransition()	16	static
a_state.h:17:2:virtual bool AState::getValidTransition(State*&)	24	static
a_state.h:19:5:AState::~AState()	24	static
a_state.h:19:5:virtual AState::~AState()	16	static
a_state.h:23:10:virtual void AState::onEnter()	16	static
ba_transition.cpp:12:6:virtual bool BATransition::isValid()	16	static
state.h:13:7:constexpr State::State()	16	static
a_state.h:16:7:constexpr AState::AState()	24	static
ba_transition.cpp:16:8:virtual State* BATransition::getNextState()	24	static
ba_transition.h:14:7:BATransition::~BATransition()	16	static
ba_transition.h:14:7:virtual BATransition::~BATransition()	16	static
