Archive member included to satisfy reference by file (symbol)

/opt/st/stm32cubeide_1.1.0/plugins/com.st.stm32cube.ide.mcu.externaltools.gnu-tools-for-stm32.7-2018-q2-update.linux64_1.0.0.201904181610/tools/bin/../lib/gcc/arm-none-eabi/7.3.1/../../../../arm-none-eabi/lib/thumb/v7-m/libc_nano.a(lib_a-errno.o)
                              Core/Src/syscalls.o (__errno)
/opt/st/stm32cubeide_1.1.0/plugins/com.st.stm32cube.ide.mcu.externaltools.gnu-tools-for-stm32.7-2018-q2-update.linux64_1.0.0.201904181610/tools/bin/../lib/gcc/arm-none-eabi/7.3.1/../../../../arm-none-eabi/lib/thumb/v7-m/libc_nano.a(lib_a-exit.o)
                              /opt/st/stm32cubeide_1.1.0/plugins/com.st.stm32cube.ide.mcu.externaltools.gnu-tools-for-stm32.7-2018-q2-update.linux64_1.0.0.201904181610/tools/bin/../lib/gcc/arm-none-eabi/7.3.1/../../../../arm-none-eabi/lib/thumb/v7-m/crt0.o (exit)
/opt/st/stm32cubeide_1.1.0/plugins/com.st.stm32cube.ide.mcu.externaltools.gnu-tools-for-stm32.7-2018-q2-update.linux64_1.0.0.201904181610/tools/bin/../lib/gcc/arm-none-eabi/7.3.1/../../../../arm-none-eabi/lib/thumb/v7-m/libc_nano.a(lib_a-impure.o)
                              /opt/st/stm32cubeide_1.1.0/plugins/com.st.stm32cube.ide.mcu.externaltools.gnu-tools-for-stm32.7-2018-q2-update.linux64_1.0.0.201904181610/tools/bin/../lib/gcc/arm-none-eabi/7.3.1/../../../../arm-none-eabi/lib/thumb/v7-m/libc_nano.a(lib_a-exit.o) (_global_impure_ptr)
/opt/st/stm32cubeide_1.1.0/plugins/com.st.stm32cube.ide.mcu.externaltools.gnu-tools-for-stm32.7-2018-q2-update.linux64_1.0.0.201904181610/tools/bin/../lib/gcc/arm-none-eabi/7.3.1/../../../../arm-none-eabi/lib/thumb/v7-m/libc_nano.a(lib_a-init.o)
                              /opt/st/stm32cubeide_1.1.0/plugins/com.st.stm32cube.ide.mcu.externaltools.gnu-tools-for-stm32.7-2018-q2-update.linux64_1.0.0.201904181610/tools/bin/../lib/gcc/arm-none-eabi/7.3.1/../../../../arm-none-eabi/lib/thumb/v7-m/crt0.o (__libc_init_array)
/opt/st/stm32cubeide_1.1.0/plugins/com.st.stm32cube.ide.mcu.externaltools.gnu-tools-for-stm32.7-2018-q2-update.linux64_1.0.0.201904181610/tools/bin/../lib/gcc/arm-none-eabi/7.3.1/../../../../arm-none-eabi/lib/thumb/v7-m/libc_nano.a(lib_a-memset.o)
                              /opt/st/stm32cubeide_1.1.0/plugins/com.st.stm32cube.ide.mcu.externaltools.gnu-tools-for-stm32.7-2018-q2-update.linux64_1.0.0.201904181610/tools/bin/../lib/gcc/arm-none-eabi/7.3.1/../../../../arm-none-eabi/lib/thumb/v7-m/crt0.o (memset)
/opt/st/stm32cubeide_1.1.0/plugins/com.st.stm32cube.ide.mcu.externaltools.gnu-tools-for-stm32.7-2018-q2-update.linux64_1.0.0.201904181610/tools/bin/../lib/gcc/arm-none-eabi/7.3.1/../../../../arm-none-eabi/lib/thumb/v7-m/libc_nano.a(lib_a-nano-vfprintf_float.o)
                              (_printf_float)
/opt/st/stm32cubeide_1.1.0/plugins/com.st.stm32cube.ide.mcu.externaltools.gnu-tools-for-stm32.7-2018-q2-update.linux64_1.0.0.201904181610/tools/bin/../lib/gcc/arm-none-eabi/7.3.1/../../../../arm-none-eabi/lib/thumb/v7-m/libc_nano.a(lib_a-nano-vfprintf_i.o)
                              /opt/st/stm32cubeide_1.1.0/plugins/com.st.stm32cube.ide.mcu.externaltools.gnu-tools-for-stm32.7-2018-q2-update.linux64_1.0.0.201904181610/tools/bin/../lib/gcc/arm-none-eabi/7.3.1/../../../../arm-none-eabi/lib/thumb/v7-m/libc_nano.a(lib_a-nano-vfprintf_float.o) (_printf_common)
/opt/st/stm32cubeide_1.1.0/plugins/com.st.stm32cube.ide.mcu.externaltools.gnu-tools-for-stm32.7-2018-q2-update.linux64_1.0.0.201904181610/tools/bin/../lib/gcc/arm-none-eabi/7.3.1/../../../../arm-none-eabi/lib/thumb/v7-m/libc_nano.a(lib_a-snprintf.o)
                              Core/Src/maincpp.o (snprintf)
/opt/st/stm32cubeide_1.1.0/plugins/com.st.stm32cube.ide.mcu.externaltools.gnu-tools-for-stm32.7-2018-q2-update.linux64_1.0.0.201904181610/tools/bin/../lib/gcc/arm-none-eabi/7.3.1/../../../../arm-none-eabi/lib/thumb/v7-m/libc_nano.a(lib_a-sprintf.o)
                              Core/Src/maincpp.o (sprintf)
/opt/st/stm32cubeide_1.1.0/plugins/com.st.stm32cube.ide.mcu.externaltools.gnu-tools-for-stm32.7-2018-q2-update.linux64_1.0.0.201904181610/tools/bin/../lib/gcc/arm-none-eabi/7.3.1/../../../../arm-none-eabi/lib/thumb/v7-m/libc_nano.a(lib_a-strlen.o)
                              Core/Src/maincpp.o (strlen)
/opt/st/stm32cubeide_1.1.0/plugins/com.st.stm32cube.ide.mcu.externaltools.gnu-tools-for-stm32.7-2018-q2-update.linux64_1.0.0.201904181610/tools/bin/../lib/gcc/arm-none-eabi/7.3.1/../../../../arm-none-eabi/lib/thumb/v7-m/libc_nano.a(lib_a-dtoa.o)
                              /opt/st/stm32cubeide_1.1.0/plugins/com.st.stm32cube.ide.mcu.externaltools.gnu-tools-for-stm32.7-2018-q2-update.linux64_1.0.0.201904181610/tools/bin/../lib/gcc/arm-none-eabi/7.3.1/../../../../arm-none-eabi/lib/thumb/v7-m/libc_nano.a(lib_a-nano-vfprintf_float.o) (_dtoa_r)
[...]
Memory Configuration

Name             Origin             Length             Attributes
RAM              0x0000000020000000 0x0000000000005000 xrw
FLASH            0x0000000008000000 0x0000000000010000 xr
*default*        0x0000000000000000 0xffffffffffffffff

Linker script and memory map

LOAD /opt/st/stm32cubeide_1.1.0/plugins/com.st.stm32cube.ide.mcu.externaltools.gnu-tools-for-stm32.7-2018-q2-update.linux64_1.0.0.201904181610/tools/bin/../lib/gcc/arm-none-eabi/7.3.1/thumb/v7-m/crti.o
LOAD /opt/st/stm32cubeide_1.1.0/plugins/com.st.stm32cube.ide.mcu.externaltools.gnu-tools-for-stm32.7-2018-q2-update.linux64_1.0.0.201904181610/tools/bin/../lib/gcc/arm-none-eabi/7.3.1/thumb/v7-m/crtbegin.o
LOAD /opt/st/stm32cubeide_1.1.0/plugins/com.st.stm32cube.ide.mcu.externaltools.gnu-tools-for-stm32.7-2018-q2-update.linux64_1.0.0.201904181610/tools/bin/../lib/gcc/arm-none-eabi/7.3.1/../../../../arm-none-eabi/lib/thumb/v7-m/crt0.o
LOAD Core/Src/bmp280.o
LOAD Core/Src/fatfs_sd.o
LOAD Core/Src/main.o
LOAD Core/Src/maincpp.o
LOAD Core/Src/stm32f1xx_hal_msp.o
LOAD Core/Src/stm32f1xx_it.o
LOAD Core/Src/syscalls.o
LOAD Core/Src/sysmem.o
LOAD Core/Src/system_stm32f1xx.o
LOAD Core/Startup/startup_stm32f103c8tx.o
LOAD Drivers/STM32F1xx_HAL_Driver/Src/stm32f1xx_hal.o
LOAD Drivers/STM32F1xx_HAL_Driver/Src/stm32f1xx_hal_adc.o
LOAD Drivers/STM32F1xx_HAL_Driver/Src/stm32f1xx_hal_adc_ex.o
LOAD Drivers/STM32F1xx_HAL_Driver/Src/stm32f1xx_hal_cortex.o
LOAD Drivers/STM32F1xx_HAL_Driver/Src/stm32f1xx_hal_dma.o
LOAD Drivers/STM32F1xx_HAL_Driver/Src/stm32f1xx_hal_exti.o
LOAD Drivers/STM32F1xx_HAL_Driver/Src/stm32f1xx_hal_flash.o
LOAD Drivers/STM32F1xx_HAL_Driver/Src/stm32f1xx_hal_flash_ex.o
LOAD Drivers/STM32F1xx_HAL_Driver/Src/stm32f1xx_hal_gpio.o
LOAD Drivers/STM32F1xx_HAL_Driver/Src/stm32f1xx_hal_gpio_ex.o
LOAD Drivers/STM32F1xx_HAL_Driver/Src/stm32f1xx_hal_i2c.o
LOAD Drivers/STM32F1xx_HAL_Driver/Src/stm32f1xx_hal_pwr.o
LOAD Drivers/STM32F1xx_HAL_Driver/Src/stm32f1xx_hal_rcc.o
LOAD Drivers/STM32F1xx_HAL_Driver/Src/stm32f1xx_hal_rcc_ex.o
LOAD Drivers/STM32F1xx_HAL_Driver/Src/stm32f1xx_hal_spi.o
LOAD Drivers/STM32F1xx_HAL_Driver/Src/stm32f1xx_hal_tim.o
LOAD Drivers/STM32F1xx_HAL_Driver/Src/stm32f1xx_hal_tim_ex.o
LOAD Drivers/STM32F1xx_HAL_Driver/Src/stm32f1xx_hal_uart.o
LOAD FATFS/App/fatfs.o
LOAD FATFS/Target/user_diskio.o
LOAD Middlewares/Third_Party/FatFs/src/diskio.o
LOAD Middlewares/Third_Party/FatFs/src/ff.o
LOAD Middlewares/Third_Party/FatFs/src/ff_gen_drv.o
LOAD Middlewares/Third_Party/FatFs/src/option/ccsbcs.o
LOAD Middlewares/Third_Party/FatFs/src/option/syscall.o
START GROUP
LOAD /opt/st/stm32cubeide_1.1.0/plugins/com.st.stm32cube.ide.mcu.externaltools.gnu-tools-for-stm32.7-2018-q2-update.linux64_1.0.0.201904181610/tools/bin/../lib/gcc/arm-none-eabi/7.3.1/../../../../arm-none-eabi/lib/thumb/v7-m/libstdc++_nano.a
LOAD /opt/st/stm32cubeide_1.1.0/plugins/com.st.stm32cube.ide.mcu.externaltools.gnu-tools-for-stm32.7-2018-q2-update.linux64_1.0.0.201904181610/tools/bin/../lib/gcc/arm-none-eabi/7.3.1/../../../../arm-none-eabi/lib/thumb/v7-m/libsupc++_nano.a
END GROUP
LOAD /opt/st/stm32cubeide_1.1.0/plugins/com.st.stm32cube.ide.mcu.externaltools.gnu-tools-for-stm32.7-2018-q2-update.linux64_1.0.0.201904181610/tools/bin/../lib/gcc/arm-none-eabi/7.3.1/../../../../arm-none-eabi/lib/thumb/v7-m/libstdc++_nano.a
LOAD /opt/st/stm32cubeide_1.1.0/plugins/com.st.stm32cube.ide.mcu.externaltools.gnu-tools-for-stm32.7-2018-q2-update.linux64_1.0.0.201904181610/tools/bin/../lib/gcc/arm-none-eabi/7.3.1/../../../../arm-none-eabi/lib/thumb/v7-m/libm.a
LOAD /opt/st/stm32cubeide_1.1.0/plugins/com.st.stm32cube.ide.mcu.externaltools.gnu-tools-for-stm32.7-2018-q2-update.linux64_1.0.0.201904181610/tools/bin/../lib/gcc/arm-none-eabi/7.3.1/../../../../arm-none-eabi/lib/thumb/v7-m/libc_nano.a
START GROUP
LOAD /opt/st/stm32cubeide_1.1.0/plugins/com.st.stm32cube.ide.mcu.externaltools.gnu-tools-for-stm32.7-2018-q2-update.linux64_1.0.0.201904181610/tools/bin/../lib/gcc/arm-none-eabi/7.3.1/thumb/v7-m/libgcc.a
LOAD /opt/st/stm32cubeide_1.1.0/plugins/com.st.stm32cube.ide.mcu.externaltools.gnu-tools-for-stm32.7-2018-q2-update.linux64_1.0.0.201904181610/tools/bin/../lib/gcc/arm-none-eabi/7.3.1/../../../../arm-none-eabi/lib/thumb/v7-m/libc_nano.a
END GROUP
START GROUP
LOAD /opt/st/stm32cubeide_1.1.0/plugins/com.st.stm32cube.ide.mcu.externaltools.gnu-tools-for-stm32.7-2018-q2-update.linux64_1.0.0.201904181610/tools/bin/../lib/gcc/arm-none-eabi/7.3.1/thumb/v7-m/libgcc.a
LOAD /opt/st/stm32cubeide_1.1.0/plugins/com.st.stm32cube.ide.mcu.externaltools.gnu-tools-for-stm32.7-2018-q2-update.linux64_1.0.0.201904181610/tools/bin/../lib/gcc/arm-none-eabi/7.3.1/../../../../arm-none-eabi/lib/thumb/v7-m/libc_nano.a
LOAD /opt/st/stm32cubeide_1.1.0/plugins/com.st.stm32cube.ide.mcu.externaltools.gnu-tools-for-stm32.7-2018-q2-update.linux64_1.0.0.201904181610/tools/bin/../lib/gcc/arm-none-eabi/7.3.1/../../../../arm-none-eabi/lib/thumb/v7-m/libnosys.a
END GROUP
START GROUP
LOAD /opt/st/stm32cubeide_1.1.0/plugins/com.st.stm32cube.ide.mcu.externaltools.gnu-tools-for-stm32.7-2018-q2-update.linux64_1.0.0.201904181610/tools/bin/../lib/gcc/arm-none-eabi/7.3.1/thumb/v7-m/libgcc.a
LOAD /opt/st/stm32cubeide_1.1.0/plugins/com.st.stm32cube.ide.mcu.externaltools.gnu-tools-for-stm32.7-2018-q2-update.linux64_1.0.0.201904181610/tools/bin/../lib/gcc/arm-none-eabi/7.3.1/../../../../arm-none-eabi/lib/thumb/v7-m/libc_nano.a
LOAD /opt/st/stm32cubeide_1.1.0/plugins/com.st.stm32cube.ide.mcu.externaltools.gnu-tools-for-stm32.7-2018-q2-update.linux64_1.0.0.201904181610/tools/bin/../lib/gcc/arm-none-eabi/7.3.1/../../../../arm-none-eabi/lib/thumb/v7-m/libnosys.a
END GROUP
LOAD /opt/st/stm32cubeide_1.1.0/plugins/com.st.stm32cube.ide.mcu.externaltools.gnu-tools-for-stm32.7-2018-q2-update.linux64_1.0.0.201904181610/tools/bin/../lib/gcc/arm-none-eabi/7.3.1/thumb/v7-m/crtend.o
LOAD /opt/st/stm32cubeide_1.1.0/plugins/com.st.stm32cube.ide.mcu.externaltools.gnu-tools-for-stm32.7-2018-q2-update.linux64_1.0.0.201904181610/tools/bin/../lib/gcc/arm-none-eabi/7.3.1/thumb/v7-m/crtn.o
                0x0000000020005000                _estack = (ORIGIN (RAM) + LENGTH (RAM))
                0x0000000000000200                _Min_Heap_Size = 0x200
                0x0000000000000400                _Min_Stack_Size = 0x400

.isr_vector     0x0000000008000000      0x10c
                0x0000000008000000                . = ALIGN (0x4)
 *(.isr_vector)
 .isr_vector    0x0000000008000000      0x10c Core/Startup/startup_stm32f103c8tx.o
                0x0000000008000000                g_pfnVectors
                0x000000000800010c                . = ALIGN (0x4)

.text           0x0000000008000110     0xb0bc
                0x0000000008000110                . = ALIGN (0x4)
 *(.text)
 .text          0x0000000008000110       0x40 /opt/st/stm32cubeide_1.1.0/plugins/com.st.stm32cube.ide.mcu.externaltools.gnu-tools-for-stm32.7-2018-q2-update.linux64_1.0.0.201904181610/tools/bin/../lib/gcc/arm-none-eabi/7.3.1/thumb/v7-m/crtbegin.o
 .text          0x0000000008000150       0x10 /opt/st/stm32cubeide_1.1.0/plugins/com.st.stm32cube.ide.mcu.externaltools.gnu-tools-for-stm32.7-2018-q2-update.linux64_1.0.0.201904181610/tools/bin/../lib/gcc/arm-none-eabi/7.3.1/../../../../arm-none-eabi/lib/thumb/v7-m/libc_nano.a(lib_a-strlen.o)
                0x0000000008000150                strlen
 .text          0x0000000008000160      0x378 /opt/st/stm32cubeide_1.1.0/plugins/com.st.stm32cube.ide.mcu.externaltools.gnu-tools-for-stm32.7-2018-q2-update.linux64_1.0.0.201904181610/tools/bin/../lib/gcc/arm-none-eabi/7.3.1/thumb/v7-m/libgcc.a(_arm_addsubdf3.o)
                0x0000000008000160                __aeabi_drsub
                0x0000000008000168                __aeabi_dsub
                0x0000000008000168                __subdf3
                0x000000000800016c                __adddf3
                0x000000000800016c                __aeabi_dadd
                0x00000000080003e4                __aeabi_ui2d
                0x00000000080003e4                __floatunsidf
                0x0000000008000404                __floatsidf
                0x0000000008000404                __aeabi_i2d
                0x0000000008000428                __extendsfdf2
                0x0000000008000428                __aeabi_f2d
                0x000000000800046c                __aeabi_ul2d
                0x000000000800046c                __floatundidf
                0x000000000800047c                __floatdidf
                0x000000000800047c                __aeabi_l2d
 .text          0x00000000080004d8      0x424 /opt/st/stm32cubeide_1.1.0/plugins/com.st.stm32cube.ide.mcu.externaltools.gnu-tools-for-stm32.7-2018-q2-update.linux64_1.0.0.201904181610/tools/bin/../lib/gcc/arm-none-eabi/7.3.1/thumb/v7-m/libgcc.a(_arm_muldivdf3.o)
                0x00000000080004d8                __aeabi_dmul
                0x00000000080004d8                __muldf3
                0x000000000800072c                __aeabi_ddiv
                0x000000000800072c                __divdf3
 .text          0x00000000080008fc      0x110 /opt/st/stm32cubeide_1.1.0/plugins/com.st.stm32cube.ide.mcu.externaltools.gnu-tools-for-stm32.7-2018-q2-update.linux64_1.0.0.201904181610/tools/bin/../lib/gcc/arm-none-eabi/7.3.1/thumb/v7-m/libgcc.a(_arm_cmpdf2.o)
                0x00000000080008fc                __gtdf2
                0x00000000080008fc                __gedf2
                0x0000000008000904                __ltdf2
                0x0000000008000904                __ledf2
                0x000000000800090c                __cmpdf2
                0x000000000800090c                __eqdf2
                0x000000000800090c                __nedf2
                0x0000000008000988                __aeabi_cdrcmple
                0x0000000008000998                __aeabi_cdcmple
                0x0000000008000998                __aeabi_cdcmpeq
                0x00000000080009a8                __aeabi_dcmpeq
                0x00000000080009bc                __aeabi_dcmplt
                0x00000000080009d0                __aeabi_dcmple
                0x00000000080009e4                __aeabi_dcmpge
                0x00000000080009f8                __aeabi_dcmpgt
 .text          0x0000000008000a0c       0x2c /opt/st/stm32cubeide_1.1.0/plugins/com.st.stm32cube.ide.mcu.externaltools.gnu-tools-for-stm32.7-2018-q2-update.linux64_1.0.0.201904181610/tools/bin/../lib/gcc/arm-none-eabi/7.3.1/thumb/v7-m/libgcc.a(_arm_unorddf2.o)
                0x0000000008000a0c                __aeabi_dcmpun
                0x0000000008000a0c                __unorddf2
 .text          0x0000000008000a38       0x50 /opt/st/stm32cubeide_1.1.0/plugins/com.st.stm32cube.ide.mcu.externaltools.gnu-tools-for-stm32.7-2018-q2-update.linux64_1.0.0.201904181610/tools/bin/../lib/gcc/arm-none-eabi/7.3.1/thumb/v7-m/libgcc.a(_arm_fixdfsi.o)
                0x0000000008000a38                __fixdfsi
                0x0000000008000a38                __aeabi_d2iz
 .text          0x0000000008000a88       0x40 /opt/st/stm32cubeide_1.1.0/plugins/com.st.stm32cube.ide.mcu.externaltools.gnu-tools-for-stm32.7-2018-q2-update.linux64_1.0.0.201904181610/tools/bin/../lib/gcc/arm-none-eabi/7.3.1/thumb/v7-m/libgcc.a(_arm_fixunsdfsi.o)
                0x0000000008000a88                __fixunsdfsi
                0x0000000008000a88                __aeabi_d2uiz
 .text          0x0000000008000ac8      0x21c /opt/st/stm32cubeide_1.1.0/plugins/com.st.stm32cube.ide.mcu.externaltools.gnu-tools-for-stm32.7-2018-q2-update.linux64_1.0.0.201904181610/tools/bin/../lib/gcc/arm-none-eabi/7.3.1/thumb/v7-m/libgcc.a(_arm_addsubsf3.o)
                0x0000000008000ac8                __aeabi_frsub
                0x0000000008000ad0                __subsf3
                0x0000000008000ad0                __aeabi_fsub
                0x0000000008000ad4                __aeabi_fadd
                0x0000000008000ad4                __addsf3
                0x0000000008000c34                __aeabi_ui2f
                0x0000000008000c34                __floatunsisf
                0x0000000008000c3c                __aeabi_i2f
                0x0000000008000c3c                __floatsisf
                0x0000000008000c58                __floatundisf
                0x0000000008000c58                __aeabi_ul2f
                0x0000000008000c68                __floatdisf
                0x0000000008000c68                __aeabi_l2f
 *(.text*)
 .text.SELECT   0x0000000008000ce4       0x18 Core/Src/fatfs_sd.o
 .text.DESELECT
                0x0000000008000cfc       0x18 Core/Src/fatfs_sd.o
 .text.SPI_TxByte
                0x0000000008000d14       0x34 Core/Src/fatfs_sd.o
 .text.SPI_RxByte
                0x0000000008000d48       0x3c Core/Src/fatfs_sd.o
 .text.SPI_RxBytePtr
                0x0000000008000d84       0x1c Core/Src/fatfs_sd.o
 .text.SD_ReadyWait
                0x0000000008000da0       0x38 Core/Src/fatfs_sd.o
 .text.SD_PowerOn
                0x0000000008000dd8       0x98 Core/Src/fatfs_sd.o
 .text.SD_PowerOff
                0x0000000008000e70       0x18 Core/Src/fatfs_sd.o
 .text.SD_CheckPower
                0x0000000008000e88       0x14 Core/Src/fatfs_sd.o
 .text.SD_RxDataBlock
                0x0000000008000e9c       0x6c Core/Src/fatfs_sd.o
 .text.SD_TxDataBlock
                0x0000000008000f08       0xa8 Core/Src/fatfs_sd.o
 .text.SD_SendCmd
                0x0000000008000fb0       0xa4 Core/Src/fatfs_sd.o
 .text.SD_disk_initialize
                0x0000000008001054      0x1d4 Core/Src/fatfs_sd.o
                0x0000000008001054                SD_disk_initialize
 .text.SD_disk_status
                0x0000000008001228       0x28 Core/Src/fatfs_sd.o
                0x0000000008001228                SD_disk_status
 .text.SD_disk_read
                0x0000000008001250       0xd4 Core/Src/fatfs_sd.o
                0x0000000008001250                SD_disk_read
 .text.SD_disk_write
                0x0000000008001324      0x108 Core/Src/fatfs_sd.o
                0x0000000008001324                SD_disk_write
 .text.SD_disk_ioctl
                0x000000000800142c      0x25c Core/Src/fatfs_sd.o
                0x000000000800142c                SD_disk_ioctl
 .text.main     0x0000000008001688       0x32 Core/Src/main.o
                0x0000000008001688                main
 .text.SystemClock_Config
                0x00000000080016ba       0xb6 Core/Src/main.o
                0x00000000080016ba                SystemClock_Config
 .text.MX_ADC1_Init
                0x0000000008001770       0xbc Core/Src/main.o
 .text.MX_I2C1_Init
                0x000000000800182c       0x5c Core/Src/main.o
 .text.MX_SPI1_Init
                0x0000000008001888       0x6c Core/Src/main.o
 .text.MX_USART1_UART_Init
                0x00000000080018f4       0x54 Core/Src/main.o
 .text.MX_USART2_UART_Init
                0x0000000008001948       0x54 Core/Src/main.o
 .text.MX_USART3_UART_Init
                0x000000000800199c       0x54 Core/Src/main.o
 .text.MX_GPIO_Init
                0x00000000080019f0      0x108 Core/Src/main.o
 .text.Error_Handler
                0x0000000008001af8        0xc Core/Src/main.o
                0x0000000008001af8                Error_Handler
 .text._Z9send_uartPc
                0x0000000008001b04       0x30 Core/Src/maincpp.o
                0x0000000008001b04                send_uart(char*)
 .text._Z8bufclearv
                0x0000000008001b34       0x34 Core/Src/maincpp.o
                0x0000000008001b34                bufclear()
 .text.HAL_UART_RxCpltCallback
                0x0000000008001b68       0x54 Core/Src/maincpp.o
                0x0000000008001b68                HAL_UART_RxCpltCallback
 .text.maincpp  0x0000000008001bbc      0x308 Core/Src/maincpp.o
                0x0000000008001bbc                maincpp
 .text.HAL_MspInit
                0x0000000008001ec4       0x64 Core/Src/stm32f1xx_hal_msp.o
                0x0000000008001ec4                HAL_MspInit
 .text.HAL_ADC_MspInit
                0x0000000008001f28       0xa8 Core/Src/stm32f1xx_hal_msp.o
                0x0000000008001f28                HAL_ADC_MspInit
 .text.HAL_I2C_MspInit
                0x0000000008001fd0       0x7c Core/Src/stm32f1xx_hal_msp.o
                0x0000000008001fd0                HAL_I2C_MspInit
 .text.HAL_SPI_MspInit
                0x000000000800204c       0x94 Core/Src/stm32f1xx_hal_msp.o
                0x000000000800204c                HAL_SPI_MspInit
 .text.HAL_UART_MspInit
                0x00000000080020e0      0x1a0 Core/Src/stm32f1xx_hal_msp.o
                0x00000000080020e0                HAL_UART_MspInit
 .text.NMI_Handler
                0x0000000008002280        0xc Core/Src/stm32f1xx_it.o
                0x0000000008002280                NMI_Handler
 .text.HardFault_Handler
                0x000000000800228c        0x6 Core/Src/stm32f1xx_it.o
                0x000000000800228c                HardFault_Handler
 .text.MemManage_Handler
                0x0000000008002292        0x6 Core/Src/stm32f1xx_it.o
                0x0000000008002292                MemManage_Handler
 .text.BusFault_Handler
                0x0000000008002298        0x6 Core/Src/stm32f1xx_it.o
                0x0000000008002298                BusFault_Handler
 .text.UsageFault_Handler
                0x000000000800229e        0x6 Core/Src/stm32f1xx_it.o
                0x000000000800229e                UsageFault_Handler
 .text.SVC_Handler
                0x00000000080022a4        0xc Core/Src/stm32f1xx_it.o
                0x00000000080022a4                SVC_Handler
 .text.DebugMon_Handler
                0x00000000080022b0        0xc Core/Src/stm32f1xx_it.o
                0x00000000080022b0                DebugMon_Handler
 .text.PendSV_Handler
                0x00000000080022bc        0xc Core/Src/stm32f1xx_it.o
                0x00000000080022bc                PendSV_Handler
 .text.SysTick_Handler
                0x00000000080022c8       0x40 Core/Src/stm32f1xx_it.o
                0x00000000080022c8                SysTick_Handler
 .text.USART1_IRQHandler
                0x0000000008002308       0x14 Core/Src/stm32f1xx_it.o
                0x0000000008002308                USART1_IRQHandler
 .text.USART2_IRQHandler
                0x000000000800231c       0x14 Core/Src/stm32f1xx_it.o
                0x000000000800231c                USART2_IRQHandler
 .text.SDTimer_Handler
                0x0000000008002330       0x44 Core/Src/stm32f1xx_it.o
                0x0000000008002330                SDTimer_Handler
 .text._sbrk    0x0000000008002374       0x58 Core/Src/sysmem.o
                0x0000000008002374                _sbrk
 .text.SystemInit
                0x00000000080023cc       0x68 Core/Src/system_stm32f1xx.o
                0x00000000080023cc                SystemInit
 .text.Reset_Handler
                0x0000000008002434       0x48 Core/Startup/startup_stm32f103c8tx.o
                0x0000000008002434                Reset_Handler
 .text.Default_Handler
                0x000000000800247c        0x2 Core/Startup/startup_stm32f103c8tx.o
                0x000000000800247c                RTC_Alarm_IRQHandler
                0x000000000800247c                EXTI2_IRQHandler
                0x000000000800247c                TIM1_CC_IRQHandler
                0x000000000800247c                PVD_IRQHandler
                0x000000000800247c                EXTI3_IRQHandler
                0x000000000800247c                EXTI0_IRQHandler
                0x000000000800247c                I2C2_EV_IRQHandler
                0x000000000800247c                ADC1_2_IRQHandler
                0x000000000800247c                SPI1_IRQHandler
                0x000000000800247c                TAMPER_IRQHandler
                0x000000000800247c                DMA1_Channel4_IRQHandler
                0x000000000800247c                USART3_IRQHandler
                0x000000000800247c                RTC_IRQHandler
                0x000000000800247c                DMA1_Channel7_IRQHandler
                0x000000000800247c                CAN1_RX1_IRQHandler
                0x000000000800247c                TIM4_IRQHandler
                0x000000000800247c                I2C1_EV_IRQHandler
                0x000000000800247c                DMA1_Channel6_IRQHandler
                0x000000000800247c                TIM3_IRQHandler
                0x000000000800247c                RCC_IRQHandler
                0x000000000800247c                TIM1_TRG_COM_IRQHandler
                0x000000000800247c                DMA1_Channel1_IRQHandler
                0x000000000800247c                Default_Handler
                0x000000000800247c                EXTI15_10_IRQHandler
                0x000000000800247c                EXTI9_5_IRQHandler
                0x000000000800247c                SPI2_IRQHandler
                0x000000000800247c                DMA1_Channel5_IRQHandler
                0x000000000800247c                EXTI4_IRQHandler
                0x000000000800247c                USB_LP_CAN1_RX0_IRQHandler
                0x000000000800247c                USB_HP_CAN1_TX_IRQHandler
                0x000000000800247c                DMA1_Channel3_IRQHandler
                0x000000000800247c                TIM1_UP_IRQHandler
                0x000000000800247c                WWDG_IRQHandler
                0x000000000800247c                TIM2_IRQHandler
                0x000000000800247c                TIM1_BRK_IRQHandler
                0x000000000800247c                EXTI1_IRQHandler
                0x000000000800247c                I2C2_ER_IRQHandler
                0x000000000800247c                DMA1_Channel2_IRQHandler
                0x000000000800247c                CAN1_SCE_IRQHandler
                0x000000000800247c                FLASH_IRQHandler
                0x000000000800247c                I2C1_ER_IRQHandler
                0x000000000800247c                USBWakeUp_IRQHandler
 *fill*         0x000000000800247e        0x2 
 .text.HAL_Init
                0x0000000008002480       0x2c Drivers/STM32F1xx_HAL_Driver/Src/stm32f1xx_hal.o
                0x0000000008002480                HAL_Init
 .text.HAL_InitTick
                0x00000000080024ac       0x60 Drivers/STM32F1xx_HAL_Driver/Src/stm32f1xx_hal.o
                0x00000000080024ac                HAL_InitTick
 .text.HAL_IncTick
                0x000000000800250c       0x24 Drivers/STM32F1xx_HAL_Driver/Src/stm32f1xx_hal.o
                0x000000000800250c                HAL_IncTick
 .text.HAL_GetTick
                0x0000000008002530       0x14 Drivers/STM32F1xx_HAL_Driver/Src/stm32f1xx_hal.o
                0x0000000008002530                HAL_GetTick
 .text.HAL_Delay
                0x0000000008002544       0x44 Drivers/STM32F1xx_HAL_Driver/Src/stm32f1xx_hal.o
                0x0000000008002544                HAL_Delay
 .text.HAL_ADC_Init
                0x0000000008002588      0x1b0 Drivers/STM32F1xx_HAL_Driver/Src/stm32f1xx_hal_adc.o
                0x0000000008002588                HAL_ADC_Init
 .text.HAL_ADC_Start
                0x0000000008002738      0x15c Drivers/STM32F1xx_HAL_Driver/Src/stm32f1xx_hal_adc.o
                0x0000000008002738                HAL_ADC_Start
 .text.HAL_ADC_PollForConversion
                0x0000000008002894      0x1f4 Drivers/STM32F1xx_HAL_Driver/Src/stm32f1xx_hal_adc.o
                0x0000000008002894                HAL_ADC_PollForConversion
 .text.HAL_ADC_GetValue
                0x0000000008002a88       0x18 Drivers/STM32F1xx_HAL_Driver/Src/stm32f1xx_hal_adc.o
                0x0000000008002a88                HAL_ADC_GetValue
 .text.HAL_ADC_ConfigChannel
                0x0000000008002aa0      0x1f0 Drivers/STM32F1xx_HAL_Driver/Src/stm32f1xx_hal_adc.o
                0x0000000008002aa0                HAL_ADC_ConfigChannel
 .text.ADC_Enable
                0x0000000008002c90       0xa4 Drivers/STM32F1xx_HAL_Driver/Src/stm32f1xx_hal_adc.o
                0x0000000008002c90                ADC_Enable
 .text.ADC_ConversionStop_Disable
                0x0000000008002d34       0x74 Drivers/STM32F1xx_HAL_Driver/Src/stm32f1xx_hal_adc.o
                0x0000000008002d34                ADC_ConversionStop_Disable
 .text.__NVIC_SetPriorityGrouping
                0x0000000008002da8       0x48 Drivers/STM32F1xx_HAL_Driver/Src/stm32f1xx_hal_cortex.o
 .text.__NVIC_GetPriorityGrouping
                0x0000000008002df0       0x1c Drivers/STM32F1xx_HAL_Driver/Src/stm32f1xx_hal_cortex.o
 .text.__NVIC_EnableIRQ
                0x0000000008002e0c       0x38 Drivers/STM32F1xx_HAL_Driver/Src/stm32f1xx_hal_cortex.o
 .text.__NVIC_SetPriority
                0x0000000008002e44       0x54 Drivers/STM32F1xx_HAL_Driver/Src/stm32f1xx_hal_cortex.o
 .text.NVIC_EncodePriority
                0x0000000008002e98       0x64 Drivers/STM32F1xx_HAL_Driver/Src/stm32f1xx_hal_cortex.o
 .text.SysTick_Config
                0x0000000008002efc       0x44 Drivers/STM32F1xx_HAL_Driver/Src/stm32f1xx_hal_cortex.o
 .text.HAL_NVIC_SetPriorityGrouping
                0x0000000008002f40       0x16 Drivers/STM32F1xx_HAL_Driver/Src/stm32f1xx_hal_cortex.o
                0x0000000008002f40                HAL_NVIC_SetPriorityGrouping
 .text.HAL_NVIC_SetPriority
                0x0000000008002f56       0x38 Drivers/STM32F1xx_HAL_Driver/Src/stm32f1xx_hal_cortex.o
                0x0000000008002f56                HAL_NVIC_SetPriority
 .text.HAL_NVIC_EnableIRQ
                0x0000000008002f8e       0x1c Drivers/STM32F1xx_HAL_Driver/Src/stm32f1xx_hal_cortex.o
                0x0000000008002f8e                HAL_NVIC_EnableIRQ
 .text.HAL_SYSTICK_Config
                0x0000000008002faa       0x18 Drivers/STM32F1xx_HAL_Driver/Src/stm32f1xx_hal_cortex.o
                0x0000000008002faa                HAL_SYSTICK_Config
 *fill*         0x0000000008002fc2        0x2 
 .text.HAL_DMA_Abort_IT
                0x0000000008002fc4       0xec Drivers/STM32F1xx_HAL_Driver/Src/stm32f1xx_hal_dma.o
                0x0000000008002fc4                HAL_DMA_Abort_IT
 .text.HAL_GPIO_Init
                0x00000000080030b0      0x2b4 Drivers/STM32F1xx_HAL_Driver/Src/stm32f1xx_hal_gpio.o
                0x00000000080030b0                HAL_GPIO_Init
 .text.HAL_GPIO_WritePin
                0x0000000008003364       0x30 Drivers/STM32F1xx_HAL_Driver/Src/stm32f1xx_hal_gpio.o
                0x0000000008003364                HAL_GPIO_WritePin
 .text.HAL_GPIO_TogglePin
                0x0000000008003394       0x30 Drivers/STM32F1xx_HAL_Driver/Src/stm32f1xx_hal_gpio.o
                0x0000000008003394                HAL_GPIO_TogglePin
 .text.HAL_I2C_Init
                0x00000000080033c4      0x250 Drivers/STM32F1xx_HAL_Driver/Src/stm32f1xx_hal_i2c.o
                0x00000000080033c4                HAL_I2C_Init
 .text.HAL_RCC_OscConfig
                0x0000000008003614      0x500 Drivers/STM32F1xx_HAL_Driver/Src/stm32f1xx_hal_rcc.o
                0x0000000008003614                HAL_RCC_OscConfig
 .text.HAL_RCC_ClockConfig
                0x0000000008003b14      0x1d4 Drivers/STM32F1xx_HAL_Driver/Src/stm32f1xx_hal_rcc.o
                0x0000000008003b14                HAL_RCC_ClockConfig
 .text.HAL_RCC_GetSysClockFreq
                0x0000000008003ce8       0xc4 Drivers/STM32F1xx_HAL_Driver/Src/stm32f1xx_hal_rcc.o
                0x0000000008003ce8                HAL_RCC_GetSysClockFreq
 .text.HAL_RCC_GetHCLKFreq
                0x0000000008003dac       0x14 Drivers/STM32F1xx_HAL_Driver/Src/stm32f1xx_hal_rcc.o
                0x0000000008003dac                HAL_RCC_GetHCLKFreq
 .text.HAL_RCC_GetPCLK1Freq
                0x0000000008003dc0       0x28 Drivers/STM32F1xx_HAL_Driver/Src/stm32f1xx_hal_rcc.o
                0x0000000008003dc0                HAL_RCC_GetPCLK1Freq
 .text.HAL_RCC_GetPCLK2Freq
                0x0000000008003de8       0x28 Drivers/STM32F1xx_HAL_Driver/Src/stm32f1xx_hal_rcc.o
                0x0000000008003de8                HAL_RCC_GetPCLK2Freq
 .text.RCC_Delay
                0x0000000008003e10       0x3c Drivers/STM32F1xx_HAL_Driver/Src/stm32f1xx_hal_rcc.o
 .text.HAL_RCCEx_PeriphCLKConfig
                0x0000000008003e4c      0x16c Drivers/STM32F1xx_HAL_Driver/Src/stm32f1xx_hal_rcc_ex.o
                0x0000000008003e4c                HAL_RCCEx_PeriphCLKConfig
 .text.HAL_RCCEx_GetPeriphCLKFreq
                0x0000000008003fb8      0x178 Drivers/STM32F1xx_HAL_Driver/Src/stm32f1xx_hal_rcc_ex.o
                0x0000000008003fb8                HAL_RCCEx_GetPeriphCLKFreq
 .text.HAL_SPI_Init
                0x0000000008004130       0xc2 Drivers/STM32F1xx_HAL_Driver/Src/stm32f1xx_hal_spi.o
                0x0000000008004130                HAL_SPI_Init
 .text.HAL_SPI_Transmit
                0x00000000080041f2      0x268 Drivers/STM32F1xx_HAL_Driver/Src/stm32f1xx_hal_spi.o
                0x00000000080041f2                HAL_SPI_Transmit
 .text.HAL_SPI_TransmitReceive
                0x000000000800445a      0x344 Drivers/STM32F1xx_HAL_Driver/Src/stm32f1xx_hal_spi.o
                0x000000000800445a                HAL_SPI_TransmitReceive
 .text.HAL_SPI_GetState
                0x000000000800479e       0x1a Drivers/STM32F1xx_HAL_Driver/Src/stm32f1xx_hal_spi.o
                0x000000000800479e                HAL_SPI_GetState
 .text.SPI_WaitFlagStateUntilTimeout
                0x00000000080047b8       0xd4 Drivers/STM32F1xx_HAL_Driver/Src/stm32f1xx_hal_spi.o
 .text.SPI_EndRxTxTransaction
                0x000000000800488c       0x3c Drivers/STM32F1xx_HAL_Driver/Src/stm32f1xx_hal_spi.o
 .text.HAL_UART_Init
                0x00000000080048c8       0xb4 Drivers/STM32F1xx_HAL_Driver/Src/stm32f1xx_hal_uart.o
                0x00000000080048c8                HAL_UART_Init
 .text.HAL_UART_RegisterCallback
                0x000000000800497c      0x150 Drivers/STM32F1xx_HAL_Driver/Src/stm32f1xx_hal_uart.o
                0x000000000800497c                HAL_UART_RegisterCallback
 .text.HAL_UART_Transmit
                0x0000000008004acc      0x132 Drivers/STM32F1xx_HAL_Driver/Src/stm32f1xx_hal_uart.o
                0x0000000008004acc                HAL_UART_Transmit
 .text.HAL_UART_Receive_IT
                0x0000000008004bfe       0xa8 Drivers/STM32F1xx_HAL_Driver/Src/stm32f1xx_hal_uart.o
                0x0000000008004bfe                HAL_UART_Receive_IT
 *fill*         0x0000000008004ca6        0x2 
 .text.HAL_UART_IRQHandler
                0x0000000008004ca8      0x1fc Drivers/STM32F1xx_HAL_Driver/Src/stm32f1xx_hal_uart.o
                0x0000000008004ca8                HAL_UART_IRQHandler
 .text.HAL_UART_TxCpltCallback
                0x0000000008004ea4       0x12 Drivers/STM32F1xx_HAL_Driver/Src/stm32f1xx_hal_uart.o
                0x0000000008004ea4                HAL_UART_TxCpltCallback
 .text.HAL_UART_TxHalfCpltCallback
                0x0000000008004eb6       0x12 Drivers/STM32F1xx_HAL_Driver/Src/stm32f1xx_hal_uart.o
                0x0000000008004eb6                HAL_UART_TxHalfCpltCallback
 .text.HAL_UART_RxHalfCpltCallback
                0x0000000008004ec8       0x12 Drivers/STM32F1xx_HAL_Driver/Src/stm32f1xx_hal_uart.o
                0x0000000008004ec8                HAL_UART_RxHalfCpltCallback
 .text.HAL_UART_ErrorCallback
                0x0000000008004eda       0x12 Drivers/STM32F1xx_HAL_Driver/Src/stm32f1xx_hal_uart.o
                0x0000000008004eda                HAL_UART_ErrorCallback
 .text.HAL_UART_AbortCpltCallback
                0x0000000008004eec       0x12 Drivers/STM32F1xx_HAL_Driver/Src/stm32f1xx_hal_uart.o
                0x0000000008004eec                HAL_UART_AbortCpltCallback
 .text.HAL_UART_AbortTransmitCpltCallback
                0x0000000008004efe       0x12 Drivers/STM32F1xx_HAL_Driver/Src/stm32f1xx_hal_uart.o
                0x0000000008004efe                HAL_UART_AbortTransmitCpltCallback
 .text.HAL_UART_AbortReceiveCpltCallback
                0x0000000008004f10       0x12 Drivers/STM32F1xx_HAL_Driver/Src/stm32f1xx_hal_uart.o
                0x0000000008004f10                HAL_UART_AbortReceiveCpltCallback
 *fill*         0x0000000008004f22        0x2 
 .text.UART_InitCallbacksToDefault
                0x0000000008004f24       0x64 Drivers/STM32F1xx_HAL_Driver/Src/stm32f1xx_hal_uart.o
                0x0000000008004f24                UART_InitCallbacksToDefault
 .text.UART_WaitOnFlagUntilTimeout
                0x0000000008004f88       0x94 Drivers/STM32F1xx_HAL_Driver/Src/stm32f1xx_hal_uart.o
 .text.UART_EndRxTransfer
                0x000000000800501c       0x3a Drivers/STM32F1xx_HAL_Driver/Src/stm32f1xx_hal_uart.o
 .text.UART_DMAAbortOnError
                0x0000000008005056       0x2a Drivers/STM32F1xx_HAL_Driver/Src/stm32f1xx_hal_uart.o
 .text.UART_Transmit_IT
                0x0000000008005080       0xaa Drivers/STM32F1xx_HAL_Driver/Src/stm32f1xx_hal_uart.o
 .text.UART_EndTransmit_IT
                0x000000000800512a       0x32 Drivers/STM32F1xx_HAL_Driver/Src/stm32f1xx_hal_uart.o
 .text.UART_Receive_IT
                0x000000000800515c      0x104 Drivers/STM32F1xx_HAL_Driver/Src/stm32f1xx_hal_uart.o
 .text.UART_SetConfig
                0x0000000008005260      0x1b4 Drivers/STM32F1xx_HAL_Driver/Src/stm32f1xx_hal_uart.o
 .text.MX_FATFS_Init
                0x0000000008005414       0x24 FATFS/App/fatfs.o
                0x0000000008005414                MX_FATFS_Init
 .text.get_fattime
                0x0000000008005438        0xe FATFS/App/fatfs.o
                0x0000000008005438                get_fattime
 .text.USER_initialize
                0x0000000008005446       0x1c FATFS/Target/user_diskio.o
                0x0000000008005446                USER_initialize
 .text.USER_status
                0x0000000008005462       0x1c FATFS/Target/user_diskio.o
                0x0000000008005462                USER_status
 .text.USER_read
                0x000000000800547e       0x26 FATFS/Target/user_diskio.o
                0x000000000800547e                USER_read
 .text.USER_write
                0x00000000080054a4       0x26 FATFS/Target/user_diskio.o
                0x00000000080054a4                USER_write
 .text.USER_ioctl
                0x00000000080054ca       0x26 FATFS/Target/user_diskio.o
                0x00000000080054ca                USER_ioctl
 .text.disk_status
                0x00000000080054f0       0x34 Middlewares/Third_Party/FatFs/src/diskio.o
                0x00000000080054f0                disk_status
 .text.disk_initialize
                0x0000000008005524       0x4c Middlewares/Third_Party/FatFs/src/diskio.o
                0x0000000008005524                disk_initialize
 .text.disk_read
                0x0000000008005570       0x40 Middlewares/Third_Party/FatFs/src/diskio.o
                0x0000000008005570                disk_read
 .text.disk_write
                0x00000000080055b0       0x40 Middlewares/Third_Party/FatFs/src/diskio.o
                0x00000000080055b0                disk_write
 .text.disk_ioctl
                0x00000000080055f0       0x3c Middlewares/Third_Party/FatFs/src/diskio.o
                0x00000000080055f0                disk_ioctl
 .text.mem_cpy  0x000000000800562c       0x3a Middlewares/Third_Party/FatFs/src/ff.o
 .text.mem_set  0x0000000008005666       0x32 Middlewares/Third_Party/FatFs/src/ff.o
 .text.mem_cmp  0x0000000008005698       0x4c Middlewares/Third_Party/FatFs/src/ff.o
 .text.chk_chr  0x00000000080056e4       0x34 Middlewares/Third_Party/FatFs/src/ff.o
 .text.chk_lock
                0x0000000008005718       0xe4 Middlewares/Third_Party/FatFs/src/ff.o
 .text.enq_lock
                0x00000000080057fc       0x48 Middlewares/Third_Party/FatFs/src/ff.o
 .text.inc_lock
                0x0000000008005844      0x180 Middlewares/Third_Party/FatFs/src/ff.o
 .text.clear_lock
                0x00000000080059c4       0x50 Middlewares/Third_Party/FatFs/src/ff.o
 .text.sync_window
                0x0000000008005a14       0xb4 Middlewares/Third_Party/FatFs/src/ff.o
 .text.move_window
                0x0000000008005ac8       0x68 Middlewares/Third_Party/FatFs/src/ff.o
 .text.sync_fs  0x0000000008005b30      0x19e Middlewares/Third_Party/FatFs/src/ff.o
 .text.clust2sect
                0x0000000008005cce       0x4e Middlewares/Third_Party/FatFs/src/ff.o
                0x0000000008005cce                clust2sect
 .text.get_fat  0x0000000008005d1c      0x204 Middlewares/Third_Party/FatFs/src/ff.o
                0x0000000008005d1c                get_fat
 .text.put_fat  0x0000000008005f20      0x2ba Middlewares/Third_Party/FatFs/src/ff.o
                0x0000000008005f20                put_fat
 .text.remove_chain
                0x00000000080061da       0xd0 Middlewares/Third_Party/FatFs/src/ff.o
 .text.create_chain
                0x00000000080062aa      0x162 Middlewares/Third_Party/FatFs/src/ff.o
 .text.clmt_clust
                0x000000000800640c       0x86 Middlewares/Third_Party/FatFs/src/ff.o
 .text.dir_sdi  0x0000000008006492      0x1b6 Middlewares/Third_Party/FatFs/src/ff.o
 .text.dir_next
                0x0000000008006648      0x2c4 Middlewares/Third_Party/FatFs/src/ff.o
 .text.dir_alloc
                0x000000000800690c       0xa2 Middlewares/Third_Party/FatFs/src/ff.o
 .text.ld_clust
                0x00000000080069ae       0x5c Middlewares/Third_Party/FatFs/src/ff.o
 .text.st_clust
                0x0000000008006a0a       0x4c Middlewares/Third_Party/FatFs/src/ff.o
 *fill*         0x0000000008006a56        0x2 
 .text.cmp_lfn  0x0000000008006a58       0xdc Middlewares/Third_Party/FatFs/src/ff.o
 .text.fit_lfn  0x0000000008006b34       0xe8 Middlewares/Third_Party/FatFs/src/ff.o
 .text.gen_numname
                0x0000000008006c1c      0x11e Middlewares/Third_Party/FatFs/src/ff.o
 .text.sum_sfn  0x0000000008006d3a       0x40 Middlewares/Third_Party/FatFs/src/ff.o
 .text.dir_find
                0x0000000008006d7a      0x1aa Middlewares/Third_Party/FatFs/src/ff.o
 .text.dir_register
                0x0000000008006f24      0x260 Middlewares/Third_Party/FatFs/src/ff.o
 .text.create_name
                0x0000000008007184      0x384 Middlewares/Third_Party/FatFs/src/ff.o
 .text.follow_path
                0x0000000008007508       0xf2 Middlewares/Third_Party/FatFs/src/ff.o
 .text.get_ldnumber
                0x00000000080075fa       0x86 Middlewares/Third_Party/FatFs/src/ff.o
 .text.check_fs
                0x0000000008007680       0xdc Middlewares/Third_Party/FatFs/src/ff.o
 .text.find_volume
                0x000000000800775c      0x6b8 Middlewares/Third_Party/FatFs/src/ff.o
 .text.validate
                0x0000000008007e14       0x7c Middlewares/Third_Party/FatFs/src/ff.o
 .text.f_mount  0x0000000008007e90       0x94 Middlewares/Third_Party/FatFs/src/ff.o
                0x0000000008007e90                f_mount
 .text.f_open   0x0000000008007f24      0x674 Middlewares/Third_Party/FatFs/src/ff.o
                0x0000000008007f24                f_open
 .text.f_write  0x0000000008008598      0x4e6 Middlewares/Third_Party/FatFs/src/ff.o
                0x0000000008008598                f_write
 .text.f_sync   0x0000000008008a7e      0x1bc Middlewares/Third_Party/FatFs/src/ff.o
                0x0000000008008a7e                f_sync
 .text.f_getfree
                0x0000000008008c3a      0x1c4 Middlewares/Third_Party/FatFs/src/ff.o
                0x0000000008008c3a                f_getfree
 .text.putc_bfd
                0x0000000008008dfe       0x7a Middlewares/Third_Party/FatFs/src/ff.o
 .text.f_puts   0x0000000008008e78       0x74 Middlewares/Third_Party/FatFs/src/ff.o
                0x0000000008008e78                f_puts
 .text.FATFS_LinkDriverEx
                0x0000000008008eec       0x94 Middlewares/Third_Party/FatFs/src/ff_gen_drv.o
                0x0000000008008eec                FATFS_LinkDriverEx
 .text.FATFS_LinkDriver
                0x0000000008008f80       0x1e Middlewares/Third_Party/FatFs/src/ff_gen_drv.o
                0x0000000008008f80                FATFS_LinkDriver
 *fill*         0x0000000008008f9e        0x2 
 .text.ff_convert
                0x0000000008008fa0       0x74 Middlewares/Third_Party/FatFs/src/option/ccsbcs.o
                0x0000000008008fa0                ff_convert
 .text.ff_wtoupper
                0x0000000008009014       0x5c Middlewares/Third_Party/FatFs/src/option/ccsbcs.o
                0x0000000008009014                ff_wtoupper
 .text.__errno  0x0000000008009070        0xc /opt/st/stm32cubeide_1.1.0/plugins/com.st.stm32cube.ide.mcu.externaltools.gnu-tools-for-stm32.7-2018-q2-update.linux64_1.0.0.201904181610/tools/bin/../lib/gcc/arm-none-eabi/7.3.1/../../../../arm-none-eabi/lib/thumb/v7-m/libc_nano.a(lib_a-errno.o)
                0x0000000008009070                __errno
 .text.__libc_init_array
                0x000000000800907c       0x48 /opt/st/stm32cubeide_1.1.0/plugins/com.st.stm32cube.ide.mcu.externaltools.gnu-tools-for-stm32.7-2018-q2-update.linux64_1.0.0.201904181610/tools/bin/../lib/gcc/arm-none-eabi/7.3.1/../../../../arm-none-eabi/lib/thumb/v7-m/libc_nano.a(lib_a-init.o)
                0x000000000800907c                __libc_init_array
 .text.memset   0x00000000080090c4       0x10 /opt/st/stm32cubeide_1.1.0/plugins/com.st.stm32cube.ide.mcu.externaltools.gnu-tools-for-stm32.7-2018-q2-update.linux64_1.0.0.201904181610/tools/bin/../lib/gcc/arm-none-eabi/7.3.1/../../../../arm-none-eabi/lib/thumb/v7-m/libc_nano.a(lib_a-memset.o)
                0x00000000080090c4                memset
 .text.__cvt    0x00000000080090d4       0xb8 /opt/st/stm32cubeide_1.1.0/plugins/com.st.stm32cube.ide.mcu.externaltools.gnu-tools-for-stm32.7-2018-q2-update.linux64_1.0.0.201904181610/tools/bin/../lib/gcc/arm-none-eabi/7.3.1/../../../../arm-none-eabi/lib/thumb/v7-m/libc_nano.a(lib_a-nano-vfprintf_float.o)
                0x00000000080090d4                __cvt
 .text.__exponent
                0x000000000800918c       0x6a /opt/st/stm32cubeide_1.1.0/plugins/com.st.stm32cube.ide.mcu.externaltools.gnu-tools-for-stm32.7-2018-q2-update.linux64_1.0.0.201904181610/tools/bin/../lib/gcc/arm-none-eabi/7.3.1/../../../../arm-none-eabi/lib/thumb/v7-m/libc_nano.a(lib_a-nano-vfprintf_float.o)
                0x000000000800918c                __exponent
 *fill*         0x00000000080091f6        0x2 
 .text._printf_float
                0x00000000080091f8      0x46c /opt/st/stm32cubeide_1.1.0/plugins/com.st.stm32cube.ide.mcu.externaltools.gnu-tools-for-stm32.7-2018-q2-update.linux64_1.0.0.201904181610/tools/bin/../lib/gcc/arm-none-eabi/7.3.1/../../../../arm-none-eabi/lib/thumb/v7-m/libc_nano.a(lib_a-nano-vfprintf_float.o)
                0x00000000080091f8                _printf_float
 .text._printf_common
                0x0000000008009664       0xec /opt/st/stm32cubeide_1.1.0/plugins/com.st.stm32cube.ide.mcu.externaltools.gnu-tools-for-stm32.7-2018-q2-update.linux64_1.0.0.201904181610/tools/bin/../lib/gcc/arm-none-eabi/7.3.1/../../../../arm-none-eabi/lib/thumb/v7-m/libc_nano.a(lib_a-nano-vfprintf_i.o)
                0x0000000008009664                _printf_common
 .text._printf_i
                0x0000000008009750      0x224 /opt/st/stm32cubeide_1.1.0/plugins/com.st.stm32cube.ide.mcu.externaltools.gnu-tools-for-stm32.7-2018-q2-update.linux64_1.0.0.201904181610/tools/bin/../lib/gcc/arm-none-eabi/7.3.1/../../../../arm-none-eabi/lib/thumb/v7-m/libc_nano.a(lib_a-nano-vfprintf_i.o)
                0x0000000008009750                _printf_i
 .text.snprintf
                0x0000000008009974       0x68 /opt/st/stm32cubeide_1.1.0/plugins/com.st.stm32cube.ide.mcu.externaltools.gnu-tools-for-stm32.7-2018-q2-update.linux64_1.0.0.201904181610/tools/bin/../lib/gcc/arm-none-eabi/7.3.1/../../../../arm-none-eabi/lib/thumb/v7-m/libc_nano.a(lib_a-snprintf.o)
                0x0000000008009974                snprintf
                0x0000000008009974                sniprintf
 .text.sprintf  0x00000000080099dc       0x40 /opt/st/stm32cubeide_1.1.0/plugins/com.st.stm32cube.ide.mcu.externaltools.gnu-tools-for-stm32.7-2018-q2-update.linux64_1.0.0.201904181610/tools/bin/../lib/gcc/arm-none-eabi/7.3.1/../../../../arm-none-eabi/lib/thumb/v7-m/libc_nano.a(lib_a-sprintf.o)
                0x00000000080099dc                sprintf
                0x00000000080099dc                siprintf
 .text.quorem   0x0000000008009a1c      0x11c /opt/st/stm32cubeide_1.1.0/plugins/com.st.stm32cube.ide.mcu.externaltools.gnu-tools-for-stm32.7-2018-q2-update.linux64_1.0.0.201904181610/tools/bin/../lib/gcc/arm-none-eabi/7.3.1/../../../../arm-none-eabi/lib/thumb/v7-m/libc_nano.a(lib_a-dtoa.o)
 .text._dtoa_r  0x0000000008009b38      0xb68 /opt/st/stm32cubeide_1.1.0/plugins/com.st.stm32cube.ide.mcu.externaltools.gnu-tools-for-stm32.7-2018-q2-update.linux64_1.0.0.201904181610/tools/bin/../lib/gcc/arm-none-eabi/7.3.1/../../../../arm-none-eabi/lib/thumb/v7-m/libc_nano.a(lib_a-dtoa.o)
                0x0000000008009b38                _dtoa_r
 .text._localeconv_r
                0x000000000800a6a0       0x1c /opt/st/stm32cubeide_1.1.0/plugins/com.st.stm32cube.ide.mcu.externaltools.gnu-tools-for-stm32.7-2018-q2-update.linux64_1.0.0.201904181610/tools/bin/../lib/gcc/arm-none-eabi/7.3.1/../../../../arm-none-eabi/lib/thumb/v7-m/libc_nano.a(lib_a-localeconv.o)
                0x000000000800a6a0                _localeconv_r
 .text.malloc   0x000000000800a6bc       0x10 /opt/st/stm32cubeide_1.1.0/plugins/com.st.stm32cube.ide.mcu.externaltools.gnu-tools-for-stm32.7-2018-q2-update.linux64_1.0.0.201904181610/tools/bin/../lib/gcc/arm-none-eabi/7.3.1/../../../../arm-none-eabi/lib/thumb/v7-m/libc_nano.a(lib_a-malloc.o)
                0x000000000800a6bc                malloc
 .text.memchr   0x000000000800a6cc       0x1c /opt/st/stm32cubeide_1.1.0/plugins/com.st.stm32cube.ide.mcu.externaltools.gnu-tools-for-stm32.7-2018-q2-update.linux64_1.0.0.201904181610/tools/bin/../lib/gcc/arm-none-eabi/7.3.1/../../../../arm-none-eabi/lib/thumb/v7-m/libc_nano.a(lib_a-memchr-stub.o)
                0x000000000800a6cc                memchr
 .text.memcpy   0x000000000800a6e8       0x16 /opt/st/stm32cubeide_1.1.0/plugins/com.st.stm32cube.ide.mcu.externaltools.gnu-tools-for-stm32.7-2018-q2-update.linux64_1.0.0.201904181610/tools/bin/../lib/gcc/arm-none-eabi/7.3.1/../../../../arm-none-eabi/lib/thumb/v7-m/libc_nano.a(lib_a-memcpy-stub.o)
                0x000000000800a6e8                memcpy
 .text._Balloc  0x000000000800a6fe       0x68 /opt/st/stm32cubeide_1.1.0/plugins/com.st.stm32cube.ide.mcu.externaltools.gnu-tools-for-stm32.7-2018-q2-update.linux64_1.0.0.201904181610/tools/bin/../lib/gcc/arm-none-eabi/7.3.1/../../../../arm-none-eabi/lib/thumb/v7-m/libc_nano.a(lib_a-mprec.o)
                0x000000000800a6fe                _Balloc
 .text._Bfree   0x000000000800a766       0x2e /opt/st/stm32cubeide_1.1.0/plugins/com.st.stm32cube.ide.mcu.externaltools.gnu-tools-for-stm32.7-2018-q2-update.linux64_1.0.0.201904181610/tools/bin/../lib/gcc/arm-none-eabi/7.3.1/../../../../arm-none-eabi/lib/thumb/v7-m/libc_nano.a(lib_a-mprec.o)
                0x000000000800a766                _Bfree
 .text.__multadd
                0x000000000800a794       0x76 /opt/st/stm32cubeide_1.1.0/plugins/com.st.stm32cube.ide.mcu.externaltools.gnu-tools-for-stm32.7-2018-q2-update.linux64_1.0.0.201904181610/tools/bin/../lib/gcc/arm-none-eabi/7.3.1/../../../../arm-none-eabi/lib/thumb/v7-m/libc_nano.a(lib_a-mprec.o)
                0x000000000800a794                __multadd
 .text.__hi0bits
                0x000000000800a80a       0x3e /opt/st/stm32cubeide_1.1.0/plugins/com.st.stm32cube.ide.mcu.externaltools.gnu-tools-for-stm32.7-2018-q2-update.linux64_1.0.0.201904181610/tools/bin/../lib/gcc/arm-none-eabi/7.3.1/../../../../arm-none-eabi/lib/thumb/v7-m/libc_nano.a(lib_a-mprec.o)
                0x000000000800a80a                __hi0bits
 .text.__lo0bits
                0x000000000800a848       0x5e /opt/st/stm32cubeide_1.1.0/plugins/com.st.stm32cube.ide.mcu.externaltools.gnu-tools-for-stm32.7-2018-q2-update.linux64_1.0.0.201904181610/tools/bin/../lib/gcc/arm-none-eabi/7.3.1/../../../../arm-none-eabi/lib/thumb/v7-m/libc_nano.a(lib_a-mprec.o)
                0x000000000800a848                __lo0bits
 .text.__i2b    0x000000000800a8a6       0x12 /opt/st/stm32cubeide_1.1.0/plugins/com.st.stm32cube.ide.mcu.externaltools.gnu-tools-for-stm32.7-2018-q2-update.linux64_1.0.0.201904181610/tools/bin/../lib/gcc/arm-none-eabi/7.3.1/../../../../arm-none-eabi/lib/thumb/v7-m/libc_nano.a(lib_a-mprec.o)
                0x000000000800a8a6                __i2b
 .text.__multiply
                0x000000000800a8b8      0x12a /opt/st/stm32cubeide_1.1.0/plugins/com.st.stm32cube.ide.mcu.externaltools.gnu-tools-for-stm32.7-2018-q2-update.linux64_1.0.0.201904181610/tools/bin/../lib/gcc/arm-none-eabi/7.3.1/../../../../arm-none-eabi/lib/thumb/v7-m/libc_nano.a(lib_a-mprec.o)
                0x000000000800a8b8                __multiply
 *fill*         0x000000000800a9e2        0x2 
 .text.__pow5mult
                0x000000000800a9e4       0x9c /opt/st/stm32cubeide_1.1.0/plugins/com.st.stm32cube.ide.mcu.externaltools.gnu-tools-for-stm32.7-2018-q2-update.linux64_1.0.0.201904181610/tools/bin/../lib/gcc/arm-none-eabi/7.3.1/../../../../arm-none-eabi/lib/thumb/v7-m/libc_nano.a(lib_a-mprec.o)
                0x000000000800a9e4                __pow5mult
 .text.__lshift
                0x000000000800aa80       0xa8 /opt/st/stm32cubeide_1.1.0/plugins/com.st.stm32cube.ide.mcu.externaltools.gnu-tools-for-stm32.7-2018-q2-update.linux64_1.0.0.201904181610/tools/bin/../lib/gcc/arm-none-eabi/7.3.1/../../../../arm-none-eabi/lib/thumb/v7-m/libc_nano.a(lib_a-mprec.o)
                0x000000000800aa80                __lshift
 .text.__mcmp   0x000000000800ab28       0x34 /opt/st/stm32cubeide_1.1.0/plugins/com.st.stm32cube.ide.mcu.externaltools.gnu-tools-for-stm32.7-2018-q2-update.linux64_1.0.0.201904181610/tools/bin/../lib/gcc/arm-none-eabi/7.3.1/../../../../arm-none-eabi/lib/thumb/v7-m/libc_nano.a(lib_a-mprec.o)
                0x000000000800ab28                __mcmp
 .text.__mdiff  0x000000000800ab5c       0xbc /opt/st/stm32cubeide_1.1.0/plugins/com.st.stm32cube.ide.mcu.externaltools.gnu-tools-for-stm32.7-2018-q2-update.linux64_1.0.0.201904181610/tools/bin/../lib/gcc/arm-none-eabi/7.3.1/../../../../arm-none-eabi/lib/thumb/v7-m/libc_nano.a(lib_a-mprec.o)
                0x000000000800ab5c                __mdiff
 .text.__d2b    0x000000000800ac18       0x9e /opt/st/stm32cubeide_1.1.0/plugins/com.st.stm32cube.ide.mcu.externaltools.gnu-tools-for-stm32.7-2018-q2-update.linux64_1.0.0.201904181610/tools/bin/../lib/gcc/arm-none-eabi/7.3.1/../../../../arm-none-eabi/lib/thumb/v7-m/libc_nano.a(lib_a-mprec.o)
                0x000000000800ac18                __d2b
 .text._calloc_r
                0x000000000800acb6       0x1c /opt/st/stm32cubeide_1.1.0/plugins/com.st.stm32cube.ide.mcu.externaltools.gnu-tools-for-stm32.7-2018-q2-update.linux64_1.0.0.201904181610/tools/bin/../lib/gcc/arm-none-eabi/7.3.1/../../../../arm-none-eabi/lib/thumb/v7-m/libc_nano.a(lib_a-nano-callocr.o)
                0x000000000800acb6                _calloc_r
 *fill*         0x000000000800acd2        0x2 
 .text._free_r  0x000000000800acd4       0x98 /opt/st/stm32cubeide_1.1.0/plugins/com.st.stm32cube.ide.mcu.externaltools.gnu-tools-for-stm32.7-2018-q2-update.linux64_1.0.0.201904181610/tools/bin/../lib/gcc/arm-none-eabi/7.3.1/../../../../arm-none-eabi/lib/thumb/v7-m/libc_nano.a(lib_a-nano-freer.o)
                0x000000000800acd4                _free_r
 .text._malloc_r
                0x000000000800ad6c       0xb4 /opt/st/stm32cubeide_1.1.0/plugins/com.st.stm32cube.ide.mcu.externaltools.gnu-tools-for-stm32.7-2018-q2-update.linux64_1.0.0.201904181610/tools/bin/../lib/gcc/arm-none-eabi/7.3.1/../../../../arm-none-eabi/lib/thumb/v7-m/libc_nano.a(lib_a-nano-mallocr.o)
                0x000000000800ad6c                _malloc_r
 .text.__ssputs_r
                0x000000000800ae20       0xb4 /opt/st/stm32cubeide_1.1.0/plugins/com.st.stm32cube.ide.mcu.externaltools.gnu-tools-for-stm32.7-2018-q2-update.linux64_1.0.0.201904181610/tools/bin/../lib/gcc/arm-none-eabi/7.3.1/../../../../arm-none-eabi/lib/thumb/v7-m/libc_nano.a(lib_a-nano-svfprintf.o)
                0x000000000800ae20                __ssputs_r
 .text._svfprintf_r
                0x000000000800aed4      0x1f0 /opt/st/stm32cubeide_1.1.0/plugins/com.st.stm32cube.ide.mcu.externaltools.gnu-tools-for-stm32.7-2018-q2-update.linux64_1.0.0.201904181610/tools/bin/../lib/gcc/arm-none-eabi/7.3.1/../../../../arm-none-eabi/lib/thumb/v7-m/libc_nano.a(lib_a-nano-svfprintf.o)
                0x000000000800aed4                _svfprintf_r
                0x000000000800aed4                _svfiprintf_r
 .text._sbrk_r  0x000000000800b0c4       0x20 /opt/st/stm32cubeide_1.1.0/plugins/com.st.stm32cube.ide.mcu.externaltools.gnu-tools-for-stm32.7-2018-q2-update.linux64_1.0.0.201904181610/tools/bin/../lib/gcc/arm-none-eabi/7.3.1/../../../../arm-none-eabi/lib/thumb/v7-m/libc_nano.a(lib_a-sbrkr.o)
                0x000000000800b0c4                _sbrk_r
 .text.__ascii_mbtowc
                0x000000000800b0e4       0x24 /opt/st/stm32cubeide_1.1.0/plugins/com.st.stm32cube.ide.mcu.externaltools.gnu-tools-for-stm32.7-2018-q2-update.linux64_1.0.0.201904181610/tools/bin/../lib/gcc/arm-none-eabi/7.3.1/../../../../arm-none-eabi/lib/thumb/v7-m/libc_nano.a(lib_a-mbtowc_r.o)
                0x000000000800b0e4                __ascii_mbtowc
 .text.memmove  0x000000000800b108       0x32 /opt/st/stm32cubeide_1.1.0/plugins/com.st.stm32cube.ide.mcu.externaltools.gnu-tools-for-stm32.7-2018-q2-update.linux64_1.0.0.201904181610/tools/bin/../lib/gcc/arm-none-eabi/7.3.1/../../../../arm-none-eabi/lib/thumb/v7-m/libc_nano.a(lib_a-memmove.o)
                0x000000000800b108                memmove
 .text.__malloc_lock
                0x000000000800b13a        0x2 /opt/st/stm32cubeide_1.1.0/plugins/com.st.stm32cube.ide.mcu.externaltools.gnu-tools-for-stm32.7-2018-q2-update.linux64_1.0.0.201904181610/tools/bin/../lib/gcc/arm-none-eabi/7.3.1/../../../../arm-none-eabi/lib/thumb/v7-m/libc_nano.a(lib_a-mlock.o)
                0x000000000800b13a                __malloc_lock
 .text.__malloc_unlock
                0x000000000800b13c        0x2 /opt/st/stm32cubeide_1.1.0/plugins/com.st.stm32cube.ide.mcu.externaltools.gnu-tools-for-stm32.7-2018-q2-update.linux64_1.0.0.201904181610/tools/bin/../lib/gcc/arm-none-eabi/7.3.1/../../../../arm-none-eabi/lib/thumb/v7-m/libc_nano.a(lib_a-mlock.o)
                0x000000000800b13c                __malloc_unlock
 .text._realloc_r
                0x000000000800b13e       0x4c /opt/st/stm32cubeide_1.1.0/plugins/com.st.stm32cube.ide.mcu.externaltools.gnu-tools-for-stm32.7-2018-q2-update.linux64_1.0.0.201904181610/tools/bin/../lib/gcc/arm-none-eabi/7.3.1/../../../../arm-none-eabi/lib/thumb/v7-m/libc_nano.a(lib_a-nano-reallocr.o)
                0x000000000800b13e                _realloc_r
 .text.__ascii_wctomb
                0x000000000800b18a       0x1a /opt/st/stm32cubeide_1.1.0/plugins/com.st.stm32cube.ide.mcu.externaltools.gnu-tools-for-stm32.7-2018-q2-update.linux64_1.0.0.201904181610/tools/bin/../lib/gcc/arm-none-eabi/7.3.1/../../../../arm-none-eabi/lib/thumb/v7-m/libc_nano.a(lib_a-wctomb_r.o)
                0x000000000800b18a                __ascii_wctomb
 .text._malloc_usable_size_r
                0x000000000800b1a4       0x10 /opt/st/stm32cubeide_1.1.0/plugins/com.st.stm32cube.ide.mcu.externaltools.gnu-tools-for-stm32.7-2018-q2-update.linux64_1.0.0.201904181610/tools/bin/../lib/gcc/arm-none-eabi/7.3.1/../../../../arm-none-eabi/lib/thumb/v7-m/libc_nano.a(lib_a-nano-msizer.o)
                0x000000000800b1a4                _malloc_usable_size_r
 *(.glue_7)
 .glue_7        0x000000000800b1b4        0x0 linker stubs
 *(.glue_7t)
 .glue_7t       0x000000000800b1b4        0x0 linker stubs
 *(.eh_frame)
 .eh_frame      0x000000000800b1b4        0x0 /opt/st/stm32cubeide_1.1.0/plugins/com.st.stm32cube.ide.mcu.externaltools.gnu-tools-for-stm32.7-2018-q2-update.linux64_1.0.0.201904181610/tools/bin/../lib/gcc/arm-none-eabi/7.3.1/thumb/v7-m/crtbegin.o
 *(.init)
 .init          0x000000000800b1b4        0x4 /opt/st/stm32cubeide_1.1.0/plugins/com.st.stm32cube.ide.mcu.externaltools.gnu-tools-for-stm32.7-2018-q2-update.linux64_1.0.0.201904181610/tools/bin/../lib/gcc/arm-none-eabi/7.3.1/thumb/v7-m/crti.o
                0x000000000800b1b4                _init
 .init          0x000000000800b1b8        0x8 /opt/st/stm32cubeide_1.1.0/plugins/com.st.stm32cube.ide.mcu.externaltools.gnu-tools-for-stm32.7-2018-q2-update.linux64_1.0.0.201904181610/tools/bin/../lib/gcc/arm-none-eabi/7.3.1/thumb/v7-m/crtn.o
 *(.fini)
 .fini          0x000000000800b1c0        0x4 /opt/st/stm32cubeide_1.1.0/plugins/com.st.stm32cube.ide.mcu.externaltools.gnu-tools-for-stm32.7-2018-q2-update.linux64_1.0.0.201904181610/tools/bin/../lib/gcc/arm-none-eabi/7.3.1/thumb/v7-m/crti.o
                0x000000000800b1c0                _fini
 .fini          0x000000000800b1c4        0x8 /opt/st/stm32cubeide_1.1.0/plugins/com.st.stm32cube.ide.mcu.externaltools.gnu-tools-for-stm32.7-2018-q2-update.linux64_1.0.0.201904181610/tools/bin/../lib/gcc/arm-none-eabi/7.3.1/thumb/v7-m/crtn.o
                0x000000000800b1cc                . = ALIGN (0x4)
                0x000000000800b1cc                _etext = .

.vfp11_veneer   0x000000000800b1cc        0x0
 .vfp11_veneer  0x000000000800b1cc        0x0 linker stubs

.v4_bx          0x000000000800b1cc        0x0
 .v4_bx         0x000000000800b1cc        0x0 linker stubs

.iplt           0x000000000800b1cc        0x0
 .iplt          0x000000000800b1cc        0x0 /opt/st/stm32cubeide_1.1.0/plugins/com.st.stm32cube.ide.mcu.externaltools.gnu-tools-for-stm32.7-2018-q2-update.linux64_1.0.0.201904181610/tools/bin/../lib/gcc/arm-none-eabi/7.3.1/thumb/v7-m/crtbegin.o

.rodata         0x000000000800b1d0      0x9b0
                0x000000000800b1d0                . = ALIGN (0x4)
 *(.rodata)
 .rodata        0x000000000800b1d0      0x17c Core/Src/maincpp.o
 .rodata        0x000000000800b34c       0x12 Drivers/STM32F1xx_HAL_Driver/Src/stm32f1xx_hal_rcc.o
 *fill*         0x000000000800b35e        0x2 
 .rodata        0x000000000800b360       0x12 Drivers/STM32F1xx_HAL_Driver/Src/stm32f1xx_hal_rcc_ex.o
 *fill*         0x000000000800b372        0x2 
 .rodata        0x000000000800b374       0x48 Middlewares/Third_Party/FatFs/src/ff.o
 *(.rodata*)
 .rodata.AHBPrescTable
                0x000000000800b3bc       0x10 Core/Src/system_stm32f1xx.o
                0x000000000800b3bc                AHBPrescTable
 .rodata.APBPrescTable
                0x000000000800b3cc        0x8 Core/Src/system_stm32f1xx.o
                0x000000000800b3cc                APBPrescTable
 .rodata.ExCvt  0x000000000800b3d4       0x80 Middlewares/Third_Party/FatFs/src/ff.o
 .rodata.LfnOfs
                0x000000000800b454        0xd Middlewares/Third_Party/FatFs/src/ff.o
 *fill*         0x000000000800b461        0x3 
 .rodata.Tbl    0x000000000800b464      0x100 Middlewares/Third_Party/FatFs/src/option/ccsbcs.o
 .rodata.tbl_lower.6289
                0x000000000800b564      0x1e0 Middlewares/Third_Party/FatFs/src/option/ccsbcs.o
 .rodata.tbl_upper.6290
                0x000000000800b744      0x1e0 Middlewares/Third_Party/FatFs/src/option/ccsbcs.o
 .rodata._printf_float.str1.1
                0x000000000800b924       0x12 /opt/st/stm32cubeide_1.1.0/plugins/com.st.stm32cube.ide.mcu.externaltools.gnu-tools-for-stm32.7-2018-q2-update.linux64_1.0.0.201904181610/tools/bin/../lib/gcc/arm-none-eabi/7.3.1/../../../../arm-none-eabi/lib/thumb/v7-m/libc_nano.a(lib_a-nano-vfprintf_float.o)
 .rodata._printf_i.str1.1
                0x000000000800b936       0x22 /opt/st/stm32cubeide_1.1.0/plugins/com.st.stm32cube.ide.mcu.externaltools.gnu-tools-for-stm32.7-2018-q2-update.linux64_1.0.0.201904181610/tools/bin/../lib/gcc/arm-none-eabi/7.3.1/../../../../arm-none-eabi/lib/thumb/v7-m/libc_nano.a(lib_a-nano-vfprintf_i.o)
 .rodata._dtoa_r.str1.1
                0x000000000800b958        0xd /opt/st/stm32cubeide_1.1.0/plugins/com.st.stm32cube.ide.mcu.externaltools.gnu-tools-for-stm32.7-2018-q2-update.linux64_1.0.0.201904181610/tools/bin/../lib/gcc/arm-none-eabi/7.3.1/../../../../arm-none-eabi/lib/thumb/v7-m/libc_nano.a(lib_a-dtoa.o)
                                          0xf (size before relaxing)
 *fill*         0x000000000800b965        0x3 
 .rodata.__mprec_bigtens
                0x000000000800b968       0x28 /opt/st/stm32cubeide_1.1.0/plugins/com.st.stm32cube.ide.mcu.externaltools.gnu-tools-for-stm32.7-2018-q2-update.linux64_1.0.0.201904181610/tools/bin/../lib/gcc/arm-none-eabi/7.3.1/../../../../arm-none-eabi/lib/thumb/v7-m/libc_nano.a(lib_a-mprec.o)
                0x000000000800b968                __mprec_bigtens
 .rodata.__mprec_tens
                0x000000000800b990       0xc8 /opt/st/stm32cubeide_1.1.0/plugins/com.st.stm32cube.ide.mcu.externaltools.gnu-tools-for-stm32.7-2018-q2-update.linux64_1.0.0.201904181610/tools/bin/../lib/gcc/arm-none-eabi/7.3.1/../../../../arm-none-eabi/lib/thumb/v7-m/libc_nano.a(lib_a-mprec.o)
                0x000000000800b990                __mprec_tens
 .rodata.p05.6084
                0x000000000800ba58        0xc /opt/st/stm32cubeide_1.1.0/plugins/com.st.stm32cube.ide.mcu.externaltools.gnu-tools-for-stm32.7-2018-q2-update.linux64_1.0.0.201904181610/tools/bin/../lib/gcc/arm-none-eabi/7.3.1/../../../../arm-none-eabi/lib/thumb/v7-m/libc_nano.a(lib_a-mprec.o)
 .rodata._svfprintf_r.str1.1
                0x000000000800ba64       0x11 /opt/st/stm32cubeide_1.1.0/plugins/com.st.stm32cube.ide.mcu.externaltools.gnu-tools-for-stm32.7-2018-q2-update.linux64_1.0.0.201904181610/tools/bin/../lib/gcc/arm-none-eabi/7.3.1/../../../../arm-none-eabi/lib/thumb/v7-m/libc_nano.a(lib_a-nano-svfprintf.o)
 .rodata._setlocale_r.str1.1
                0x000000000800ba75        0x8 /opt/st/stm32cubeide_1.1.0/plugins/com.st.stm32cube.ide.mcu.externaltools.gnu-tools-for-stm32.7-2018-q2-update.linux64_1.0.0.201904181610/tools/bin/../lib/gcc/arm-none-eabi/7.3.1/../../../../arm-none-eabi/lib/thumb/v7-m/libc_nano.a(lib_a-locale.o)
                                          0x9 (size before relaxing)
 .rodata.str1.1
                0x000000000800ba7d        0x2 /opt/st/stm32cubeide_1.1.0/plugins/com.st.stm32cube.ide.mcu.externaltools.gnu-tools-for-stm32.7-2018-q2-update.linux64_1.0.0.201904181610/tools/bin/../lib/gcc/arm-none-eabi/7.3.1/../../../../arm-none-eabi/lib/thumb/v7-m/libc_nano.a(lib_a-locale.o)
 .rodata._ctype_
                0x000000000800ba7f      0x101 /opt/st/stm32cubeide_1.1.0/plugins/com.st.stm32cube.ide.mcu.externaltools.gnu-tools-for-stm32.7-2018-q2-update.linux64_1.0.0.201904181610/tools/bin/../lib/gcc/arm-none-eabi/7.3.1/../../../../arm-none-eabi/lib/thumb/v7-m/libc_nano.a(lib_a-ctype_.o)
                0x000000000800ba7f                _ctype_
                0x000000000800bb80                . = ALIGN (0x4)

.rel.dyn        0x000000000800bb80        0x0
 .rel.iplt      0x000000000800bb80        0x0 /opt/st/stm32cubeide_1.1.0/plugins/com.st.stm32cube.ide.mcu.externaltools.gnu-tools-for-stm32.7-2018-q2-update.linux64_1.0.0.201904181610/tools/bin/../lib/gcc/arm-none-eabi/7.3.1/thumb/v7-m/crtbegin.o

.ARM.extab      0x000000000800bb80        0x0
                0x000000000800bb80                . = ALIGN (0x4)
 *(.ARM.extab* .gnu.linkonce.armextab.*)
                0x000000000800bb80                . = ALIGN (0x4)

.ARM            0x000000000800bb80        0x0
                0x000000000800bb80                . = ALIGN (0x4)
                0x000000000800bb80                __exidx_start = .
 *(.ARM.exidx*)
                0x000000000800bb80                __exidx_end = .
                0x000000000800bb80                . = ALIGN (0x4)

.preinit_array  0x000000000800bb80        0x0
                0x000000000800bb80                . = ALIGN (0x4)
                0x000000000800bb80                PROVIDE (__preinit_array_start = .)
 *(.preinit_array*)
                0x000000000800bb80                PROVIDE (__preinit_array_end = .)
                0x000000000800bb80                . = ALIGN (0x4)

.init_array     0x000000000800bb80        0x4
                0x000000000800bb80                . = ALIGN (0x4)
                0x000000000800bb80                PROVIDE (__init_array_start = .)
 *(SORT_BY_NAME(.init_array.*))
 *(.init_array*)
 .init_array    0x000000000800bb80        0x4 /opt/st/stm32cubeide_1.1.0/plugins/com.st.stm32cube.ide.mcu.externaltools.gnu-tools-for-stm32.7-2018-q2-update.linux64_1.0.0.201904181610/tools/bin/../lib/gcc/arm-none-eabi/7.3.1/thumb/v7-m/crtbegin.o
                0x000000000800bb84                PROVIDE (__init_array_end = .)
                0x000000000800bb84                . = ALIGN (0x4)

.fini_array     0x000000000800bb84        0x4
                0x000000000800bb84                . = ALIGN (0x4)
                [!provide]                        PROVIDE (__fini_array_start = .)
 *(SORT_BY_NAME(.fini_array.*))
 *(.fini_array*)
 .fini_array    0x000000000800bb84        0x4 /opt/st/stm32cubeide_1.1.0/plugins/com.st.stm32cube.ide.mcu.externaltools.gnu-tools-for-stm32.7-2018-q2-update.linux64_1.0.0.201904181610/tools/bin/../lib/gcc/arm-none-eabi/7.3.1/thumb/v7-m/crtbegin.o
                [!provide]                        PROVIDE (__fini_array_end = .)
                0x000000000800bb88                . = ALIGN (0x4)
                0x000000000800bb88                _sidata = LOADADDR (.data)

.data           0x0000000020000000      0x1f4 load address 0x000000000800bb88
                0x0000000020000000                . = ALIGN (0x4)
                0x0000000020000000                _sdata = .
 *(.data)
 *(.data*)
 .data.Stat     0x0000000020000000        0x1 Core/Src/fatfs_sd.o
 *fill*         0x0000000020000001        0x3 
 .data.SystemCoreClock
                0x0000000020000004        0x4 Core/Src/system_stm32f1xx.o
                0x0000000020000004                SystemCoreClock
 .data.uwTickPrio
                0x0000000020000008        0x4 Drivers/STM32F1xx_HAL_Driver/Src/stm32f1xx_hal.o
                0x0000000020000008                uwTickPrio
 .data.uwTickFreq
                0x000000002000000c        0x1 Drivers/STM32F1xx_HAL_Driver/Src/stm32f1xx_hal.o
                0x000000002000000c                uwTickFreq
 *fill*         0x000000002000000d        0x3 
 .data.USER_Driver
                0x0000000020000010       0x14 FATFS/Target/user_diskio.o
                0x0000000020000010                USER_Driver
 .data._impure_ptr
                0x0000000020000024        0x4 /opt/st/stm32cubeide_1.1.0/plugins/com.st.stm32cube.ide.mcu.externaltools.gnu-tools-for-stm32.7-2018-q2-update.linux64_1.0.0.201904181610/tools/bin/../lib/gcc/arm-none-eabi/7.3.1/../../../../arm-none-eabi/lib/thumb/v7-m/libc_nano.a(lib_a-impure.o)
                0x0000000020000024                _impure_ptr
 .data.impure_data
                0x0000000020000028       0x60 /opt/st/stm32cubeide_1.1.0/plugins/com.st.stm32cube.ide.mcu.externaltools.gnu-tools-for-stm32.7-2018-q2-update.linux64_1.0.0.201904181610/tools/bin/../lib/gcc/arm-none-eabi/7.3.1/../../../../arm-none-eabi/lib/thumb/v7-m/libc_nano.a(lib_a-impure.o)
 .data.__global_locale
                0x0000000020000088      0x16c /opt/st/stm32cubeide_1.1.0/plugins/com.st.stm32cube.ide.mcu.externaltools.gnu-tools-for-stm32.7-2018-q2-update.linux64_1.0.0.201904181610/tools/bin/../lib/gcc/arm-none-eabi/7.3.1/../../../../arm-none-eabi/lib/thumb/v7-m/libc_nano.a(lib_a-locale.o)
                0x0000000020000088                __global_locale
                0x00000000200001f4                . = ALIGN (0x4)
                0x00000000200001f4                _edata = .

.igot.plt       0x00000000200001f4        0x0 load address 0x000000000800bd7c
 .igot.plt      0x00000000200001f4        0x0 /opt/st/stm32cubeide_1.1.0/plugins/com.st.stm32cube.ide.mcu.externaltools.gnu-tools-for-stm32.7-2018-q2-update.linux64_1.0.0.201904181610/tools/bin/../lib/gcc/arm-none-eabi/7.3.1/thumb/v7-m/crtbegin.o
                0x00000000200001f4                . = ALIGN (0x4)

.bss            0x00000000200001f4     0x4764 load address 0x000000000800bd7c
                0x00000000200001f4                _sbss = .
                0x00000000200001f4                __bss_start__ = _sbss
 *(.bss)
 .bss           0x00000000200001f4       0x1c /opt/st/stm32cubeide_1.1.0/plugins/com.st.stm32cube.ide.mcu.externaltools.gnu-tools-for-stm32.7-2018-q2-update.linux64_1.0.0.201904181610/tools/bin/../lib/gcc/arm-none-eabi/7.3.1/thumb/v7-m/crtbegin.o
 *(.bss*)
 .bss.CardType  0x0000000020000210        0x1 Core/Src/fatfs_sd.o
 .bss.PowerFlag
                0x0000000020000211        0x1 Core/Src/fatfs_sd.o
 *fill*         0x0000000020000212        0x2 
 .bss.fs        0x0000000020000214     0x1030 Core/Src/maincpp.o
                0x0000000020000214                fs
 .bss.fil       0x0000000020001244     0x102c Core/Src/maincpp.o
                0x0000000020001244                fil
 .bss.fresult   0x0000000020002270        0x1 Core/Src/maincpp.o
                0x0000000020002270                fresult
 *fill*         0x0000000020002271        0x3 
 .bss.buffer    0x0000000020002274      0x200 Core/Src/maincpp.o
                0x0000000020002274                buffer
 .bss.radioBuffer
                0x0000000020002474        0x1 Core/Src/maincpp.o
                0x0000000020002474                radioBuffer
 *fill*         0x0000000020002475        0x3 
 .bss.pfs       0x0000000020002478        0x4 Core/Src/maincpp.o
                0x0000000020002478                pfs
 .bss.fre_clust
                0x000000002000247c        0x4 Core/Src/maincpp.o
                0x000000002000247c                fre_clust
 .bss.total     0x0000000020002480        0x4 Core/Src/maincpp.o
                0x0000000020002480                total
 .bss.free_space
                0x0000000020002484        0x4 Core/Src/maincpp.o
                0x0000000020002484                free_space
 .bss.millis    0x0000000020002488        0x4 Core/Src/stm32f1xx_it.o
                0x0000000020002488                millis
 .bss.FatFsCnt  0x000000002000248c        0x1 Core/Src/stm32f1xx_it.o
                0x000000002000248c                FatFsCnt
 *fill*         0x000000002000248d        0x3 
 .bss.heap_end.5149
                0x0000000020002490        0x4 Core/Src/sysmem.o
 .bss.FatFs     0x0000000020002494        0x4 Middlewares/Third_Party/FatFs/src/ff.o
 .bss.Fsid      0x0000000020002498        0x2 Middlewares/Third_Party/FatFs/src/ff.o
 *fill*         0x000000002000249a        0x2 
 .bss.Files     0x000000002000249c       0x18 Middlewares/Third_Party/FatFs/src/ff.o
 .bss.LfnBuf    0x00000000200024b4      0x200 Middlewares/Third_Party/FatFs/src/ff.o
 .bss.disk      0x00000000200026b4        0xc Middlewares/Third_Party/FatFs/src/ff_gen_drv.o
                0x00000000200026b4                disk
 .bss.__malloc_free_list
                0x00000000200026c0        0x4 /opt/st/stm32cubeide_1.1.0/plugins/com.st.stm32cube.ide.mcu.externaltools.gnu-tools-for-stm32.7-2018-q2-update.linux64_1.0.0.201904181610/tools/bin/../lib/gcc/arm-none-eabi/7.3.1/../../../../arm-none-eabi/lib/thumb/v7-m/libc_nano.a(lib_a-nano-mallocr.o)
                0x00000000200026c0                __malloc_free_list
 .bss.__malloc_sbrk_start
                0x00000000200026c4        0x4 /opt/st/stm32cubeide_1.1.0/plugins/com.st.stm32cube.ide.mcu.externaltools.gnu-tools-for-stm32.7-2018-q2-update.linux64_1.0.0.201904181610/tools/bin/../lib/gcc/arm-none-eabi/7.3.1/../../../../arm-none-eabi/lib/thumb/v7-m/libc_nano.a(lib_a-nano-mallocr.o)
                0x00000000200026c4                __malloc_sbrk_start
 *(COMMON)
 COMMON         0x00000000200026c8      0x220 Core/Src/main.o
                0x00000000200026c8                huart3
                0x0000000020002734                hi2c1
                0x0000000020002788                hadc1
                0x00000000200027b8                huart1
                0x0000000020002824                hspi1
                0x000000002000287c                huart2
 COMMON         0x00000000200028e8        0x2 Core/Src/stm32f1xx_it.o
                0x00000000200028e8                Timer2
                0x00000000200028e9                Timer1
 *fill*         0x00000000200028ea        0x2 
 COMMON         0x00000000200028ec        0x4 Drivers/STM32F1xx_HAL_Driver/Src/stm32f1xx_hal.o
                0x00000000200028ec                uwTick
 COMMON         0x00000000200028f0     0x2064 FATFS/App/fatfs.o
                0x00000000200028f0                USERPath
                0x00000000200028f4                retUSER
                0x00000000200028f8                USERFile
                0x0000000020003924                USERFatFS
 COMMON         0x0000000020004954        0x4 /opt/st/stm32cubeide_1.1.0/plugins/com.st.stm32cube.ide.mcu.externaltools.gnu-tools-for-stm32.7-2018-q2-update.linux64_1.0.0.201904181610/tools/bin/../lib/gcc/arm-none-eabi/7.3.1/../../../../arm-none-eabi/lib/thumb/v7-m/libc_nano.a(lib_a-reent.o)
                0x0000000020004954                errno
                0x0000000020004958                . = ALIGN (0x4)
                0x0000000020004958                _ebss = .
                0x0000000020004958                __bss_end__ = _ebss

._user_heap_stack
                0x0000000020004958      0x600 load address 0x000000000800bd7c
                0x0000000020004958                . = ALIGN (0x8)
                0x0000000020004958                PROVIDE (end = .)
                [!provide]                        PROVIDE (_end = .)
                0x0000000020004b58                . = (. + _Min_Heap_Size)
 *fill*         0x0000000020004958      0x200 
                0x0000000020004f58                . = (. + _Min_Stack_Size)
 *fill*         0x0000000020004b58      0x400 
                0x0000000020004f58                . = ALIGN (0x8)

/DISCARD/
 libc.a(*)
 libm.a(*)
 libgcc.a(*)

.ARM.attributes
                0x0000000000000000       0x29
 *(.ARM.attributes)
 .ARM.attributes
                0x0000000000000000       0x1d /opt/st/stm32cubeide_1.1.0/plugins/com.st.stm32cube.ide.mcu.externaltools.gnu-tools-for-stm32.7-2018-q2-update.linux64_1.0.0.201904181610/tools/bin/../lib/gcc/arm-none-eabi/7.3.1/thumb/v7-m/crti.o
 .ARM.attributes
                0x000000000000001d       0x2d /opt/st/stm32cubeide_1.1.0/plugins/com.st.stm32cube.ide.mcu.externaltools.gnu-tools-for-stm32.7-2018-q2-update.linux64_1.0.0.201904181610/tools/bin/../lib/gcc/arm-none-eabi/7.3.1/thumb/v7-m/crtbegin.o
 .ARM.attributes
                0x000000000000004a       0x33 Core/Src/fatfs_sd.o
 .ARM.attributes
                0x000000000000007d       0x33 Core/Src/main.o
 .ARM.attributes
                0x00000000000000b0       0x33 Core/Src/maincpp.o
 .ARM.attributes
                0x00000000000000e3       0x33 Core/Src/stm32f1xx_hal_msp.o
 .ARM.attributes
                0x0000000000000116       0x33 Core/Src/stm32f1xx_it.o
 .ARM.attributes
                0x0000000000000149       0x33 Core/Src/sysmem.o
 .ARM.attributes
                0x000000000000017c       0x33 Core/Src/system_stm32f1xx.o
 .ARM.attributes
                0x00000000000001af       0x21 Core/Startup/startup_stm32f103c8tx.o
 .ARM.attributes
                0x00000000000001d0       0x33 Drivers/STM32F1xx_HAL_Driver/Src/stm32f1xx_hal.o
 .ARM.attributes
                0x0000000000000203       0x33 Drivers/STM32F1xx_HAL_Driver/Src/stm32f1xx_hal_adc.o
 .ARM.attributes
                0x0000000000000236       0x33 Drivers/STM32F1xx_HAL_Driver/Src/stm32f1xx_hal_cortex.o
 .ARM.attributes
                0x0000000000000269       0x33 Drivers/STM32F1xx_HAL_Driver/Src/stm32f1xx_hal_dma.o
 .ARM.attributes
                0x000000000000029c       0x33 Drivers/STM32F1xx_HAL_Driver/Src/stm32f1xx_hal_gpio.o
 .ARM.attributes
                0x00000000000002cf       0x33 Drivers/STM32F1xx_HAL_Driver/Src/stm32f1xx_hal_i2c.o
 .ARM.attributes
                0x0000000000000302       0x33 Drivers/STM32F1xx_HAL_Driver/Src/stm32f1xx_hal_rcc.o
 .ARM.attributes
                0x0000000000000335       0x33 Drivers/STM32F1xx_HAL_Driver/Src/stm32f1xx_hal_rcc_ex.o
 .ARM.attributes
                0x0000000000000368       0x33 Drivers/STM32F1xx_HAL_Driver/Src/stm32f1xx_hal_spi.o
 .ARM.attributes
                0x000000000000039b       0x33 Drivers/STM32F1xx_HAL_Driver/Src/stm32f1xx_hal_uart.o
 .ARM.attributes
                0x00000000000003ce       0x33 FATFS/App/fatfs.o
 .ARM.attributes
                0x0000000000000401       0x33 FATFS/Target/user_diskio.o
 .ARM.attributes
                0x0000000000000434       0x33 Middlewares/Third_Party/FatFs/src/diskio.o
 .ARM.attributes
                0x0000000000000467       0x33 Middlewares/Third_Party/FatFs/src/ff.o
 .ARM.attributes
                0x000000000000049a       0x33 Middlewares/Third_Party/FatFs/src/ff_gen_drv.o
 .ARM.attributes
                0x00000000000004cd       0x33 Middlewares/Third_Party/FatFs/src/option/ccsbcs.o
 .ARM.attributes
                0x0000000000000500       0x2d /opt/st/stm32cubeide_1.1.0/plugins/com.st.stm32cube.ide.mcu.externaltools.gnu-tools-for-stm32.7-2018-q2-update.linux64_1.0.0.201904181610/tools/bin/../lib/gcc/arm-none-eabi/7.3.1/../../../../arm-none-eabi/lib/thumb/v7-m/libc_nano.a(lib_a-errno.o)
 .ARM.attributes
                0x000000000000052d       0x2d /opt/st/stm32cubeide_1.1.0/plugins/com.st.stm32cube.ide.mcu.externaltools.gnu-tools-for-stm32.7-2018-q2-update.linux64_1.0.0.201904181610/tools/bin/../lib/gcc/arm-none-eabi/7.3.1/../../../../arm-none-eabi/lib/thumb/v7-m/libc_nano.a(lib_a-impure.o)
 .ARM.attributes
                0x000000000000055a       0x2d /opt/st/stm32cubeide_1.1.0/plugins/com.st.stm32cube.ide.mcu.externaltools.gnu-tools-for-stm32.7-2018-q2-update.linux64_1.0.0.201904181610/tools/bin/../lib/gcc/arm-none-eabi/7.3.1/../../../../arm-none-eabi/lib/thumb/v7-m/libc_nano.a(lib_a-init.o)
 .ARM.attributes
                0x0000000000000587       0x2d /opt/st/stm32cubeide_1.1.0/plugins/com.st.stm32cube.ide.mcu.externaltools.gnu-tools-for-stm32.7-2018-q2-update.linux64_1.0.0.201904181610/tools/bin/../lib/gcc/arm-none-eabi/7.3.1/../../../../arm-none-eabi/lib/thumb/v7-m/libc_nano.a(lib_a-memset.o)
 .ARM.attributes
                0x00000000000005b4       0x2d /opt/st/stm32cubeide_1.1.0/plugins/com.st.stm32cube.ide.mcu.externaltools.gnu-tools-for-stm32.7-2018-q2-update.linux64_1.0.0.201904181610/tools/bin/../lib/gcc/arm-none-eabi/7.3.1/../../../../arm-none-eabi/lib/thumb/v7-m/libc_nano.a(lib_a-nano-vfprintf_float.o)
 .ARM.attributes
                0x00000000000005e1       0x2d /opt/st/stm32cubeide_1.1.0/plugins/com.st.stm32cube.ide.mcu.externaltools.gnu-tools-for-stm32.7-2018-q2-update.linux64_1.0.0.201904181610/tools/bin/../lib/gcc/arm-none-eabi/7.3.1/../../../../arm-none-eabi/lib/thumb/v7-m/libc_nano.a(lib_a-nano-vfprintf_i.o)
 .ARM.attributes
                0x000000000000060e       0x2d /opt/st/stm32cubeide_1.1.0/plugins/com.st.stm32cube.ide.mcu.externaltools.gnu-tools-for-stm32.7-2018-q2-update.linux64_1.0.0.201904181610/tools/bin/../lib/gcc/arm-none-eabi/7.3.1/../../../../arm-none-eabi/lib/thumb/v7-m/libc_nano.a(lib_a-snprintf.o)
 .ARM.attributes
                0x000000000000063b       0x2d /opt/st/stm32cubeide_1.1.0/plugins/com.st.stm32cube.ide.mcu.externaltools.gnu-tools-for-stm32.7-2018-q2-update.linux64_1.0.0.201904181610/tools/bin/../lib/gcc/arm-none-eabi/7.3.1/../../../../arm-none-eabi/lib/thumb/v7-m/libc_nano.a(lib_a-sprintf.o)
 .ARM.attributes
                0x0000000000000668       0x17 /opt/st/stm32cubeide_1.1.0/plugins/com.st.stm32cube.ide.mcu.externaltools.gnu-tools-for-stm32.7-2018-q2-update.linux64_1.0.0.201904181610/tools/bin/../lib/gcc/arm-none-eabi/7.3.1/../../../../arm-none-eabi/lib/thumb/v7-m/libc_nano.a(lib_a-strlen.o)
 .ARM.attributes
                0x000000000000067f       0x2d /opt/st/stm32cubeide_1.1.0/plugins/com.st.stm32cube.ide.mcu.externaltools.gnu-tools-for-stm32.7-2018-q2-update.linux64_1.0.0.201904181610/tools/bin/../lib/gcc/arm-none-eabi/7.3.1/../../../../arm-none-eabi/lib/thumb/v7-m/libc_nano.a(lib_a-dtoa.o)
 .ARM.attributes
                0x00000000000006ac       0x2d /opt/st/stm32cubeide_1.1.0/plugins/com.st.stm32cube.ide.mcu.externaltools.gnu-tools-for-stm32.7-2018-q2-update.linux64_1.0.0.201904181610/tools/bin/../lib/gcc/arm-none-eabi/7.3.1/../../../../arm-none-eabi/lib/thumb/v7-m/libc_nano.a(lib_a-localeconv.o)
 .ARM.attributes
                0x00000000000006d9       0x2d /opt/st/stm32cubeide_1.1.0/plugins/com.st.stm32cube.ide.mcu.externaltools.gnu-tools-for-stm32.7-2018-q2-update.linux64_1.0.0.201904181610/tools/bin/../lib/gcc/arm-none-eabi/7.3.1/../../../../arm-none-eabi/lib/thumb/v7-m/libc_nano.a(lib_a-malloc.o)
 .ARM.attributes
                0x0000000000000706       0x2d /opt/st/stm32cubeide_1.1.0/plugins/com.st.stm32cube.ide.mcu.externaltools.gnu-tools-for-stm32.7-2018-q2-update.linux64_1.0.0.201904181610/tools/bin/../lib/gcc/arm-none-eabi/7.3.1/../../../../arm-none-eabi/lib/thumb/v7-m/libc_nano.a(lib_a-memchr-stub.o)
 .ARM.attributes
                0x0000000000000733       0x2d /opt/st/stm32cubeide_1.1.0/plugins/com.st.stm32cube.ide.mcu.externaltools.gnu-tools-for-stm32.7-2018-q2-update.linux64_1.0.0.201904181610/tools/bin/../lib/gcc/arm-none-eabi/7.3.1/../../../../arm-none-eabi/lib/thumb/v7-m/libc_nano.a(lib_a-memcpy-stub.o)
 .ARM.attributes
                0x0000000000000760       0x2d /opt/st/stm32cubeide_1.1.0/plugins/com.st.stm32cube.ide.mcu.externaltools.gnu-tools-for-stm32.7-2018-q2-update.linux64_1.0.0.201904181610/tools/bin/../lib/gcc/arm-none-eabi/7.3.1/../../../../arm-none-eabi/lib/thumb/v7-m/libc_nano.a(lib_a-mprec.o)
 .ARM.attributes
                0x000000000000078d       0x2d /opt/st/stm32cubeide_1.1.0/plugins/com.st.stm32cube.ide.mcu.externaltools.gnu-tools-for-stm32.7-2018-q2-update.linux64_1.0.0.201904181610/tools/bin/../lib/gcc/arm-none-eabi/7.3.1/../../../../arm-none-eabi/lib/thumb/v7-m/libc_nano.a(lib_a-nano-callocr.o)
 .ARM.attributes
                0x00000000000007ba       0x2d /opt/st/stm32cubeide_1.1.0/plugins/com.st.stm32cube.ide.mcu.externaltools.gnu-tools-for-stm32.7-2018-q2-update.linux64_1.0.0.201904181610/tools/bin/../lib/gcc/arm-none-eabi/7.3.1/../../../../arm-none-eabi/lib/thumb/v7-m/libc_nano.a(lib_a-nano-freer.o)
 .ARM.attributes
                0x00000000000007e7       0x2d /opt/st/stm32cubeide_1.1.0/plugins/com.st.stm32cube.ide.mcu.externaltools.gnu-tools-for-stm32.7-2018-q2-update.linux64_1.0.0.201904181610/tools/bin/../lib/gcc/arm-none-eabi/7.3.1/../../../../arm-none-eabi/lib/thumb/v7-m/libc_nano.a(lib_a-nano-mallocr.o)
 .ARM.attributes
                0x0000000000000814       0x2d /opt/st/stm32cubeide_1.1.0/plugins/com.st.stm32cube.ide.mcu.externaltools.gnu-tools-for-stm32.7-2018-q2-update.linux64_1.0.0.201904181610/tools/bin/../lib/gcc/arm-none-eabi/7.3.1/../../../../arm-none-eabi/lib/thumb/v7-m/libc_nano.a(lib_a-nano-svfprintf.o)
 .ARM.attributes
                0x0000000000000841       0x2d /opt/st/stm32cubeide_1.1.0/plugins/com.st.stm32cube.ide.mcu.externaltools.gnu-tools-for-stm32.7-2018-q2-update.linux64_1.0.0.201904181610/tools/bin/../lib/gcc/arm-none-eabi/7.3.1/../../../../arm-none-eabi/lib/thumb/v7-m/libc_nano.a(lib_a-sbrkr.o)
 .ARM.attributes
                0x000000000000086e       0x2d /opt/st/stm32cubeide_1.1.0/plugins/com.st.stm32cube.ide.mcu.externaltools.gnu-tools-for-stm32.7-2018-q2-update.linux64_1.0.0.201904181610/tools/bin/../lib/gcc/arm-none-eabi/7.3.1/../../../../arm-none-eabi/lib/thumb/v7-m/libc_nano.a(lib_a-locale.o)
 .ARM.attributes
                0x000000000000089b       0x2d /opt/st/stm32cubeide_1.1.0/plugins/com.st.stm32cube.ide.mcu.externaltools.gnu-tools-for-stm32.7-2018-q2-update.linux64_1.0.0.201904181610/tools/bin/../lib/gcc/arm-none-eabi/7.3.1/../../../../arm-none-eabi/lib/thumb/v7-m/libc_nano.a(lib_a-mbtowc_r.o)
 .ARM.attributes
                0x00000000000008c8       0x2d /opt/st/stm32cubeide_1.1.0/plugins/com.st.stm32cube.ide.mcu.externaltools.gnu-tools-for-stm32.7-2018-q2-update.linux64_1.0.0.201904181610/tools/bin/../lib/gcc/arm-none-eabi/7.3.1/../../../../arm-none-eabi/lib/thumb/v7-m/libc_nano.a(lib_a-memmove.o)
 .ARM.attributes
                0x00000000000008f5       0x2d /opt/st/stm32cubeide_1.1.0/plugins/com.st.stm32cube.ide.mcu.externaltools.gnu-tools-for-stm32.7-2018-q2-update.linux64_1.0.0.201904181610/tools/bin/../lib/gcc/arm-none-eabi/7.3.1/../../../../arm-none-eabi/lib/thumb/v7-m/libc_nano.a(lib_a-mlock.o)
 .ARM.attributes
                0x0000000000000922       0x2d /opt/st/stm32cubeide_1.1.0/plugins/com.st.stm32cube.ide.mcu.externaltools.gnu-tools-for-stm32.7-2018-q2-update.linux64_1.0.0.201904181610/tools/bin/../lib/gcc/arm-none-eabi/7.3.1/../../../../arm-none-eabi/lib/thumb/v7-m/libc_nano.a(lib_a-nano-reallocr.o)
 .ARM.attributes
                0x000000000000094f       0x2d /opt/st/stm32cubeide_1.1.0/plugins/com.st.stm32cube.ide.mcu.externaltools.gnu-tools-for-stm32.7-2018-q2-update.linux64_1.0.0.201904181610/tools/bin/../lib/gcc/arm-none-eabi/7.3.1/../../../../arm-none-eabi/lib/thumb/v7-m/libc_nano.a(lib_a-reent.o)
 .ARM.attributes
                0x000000000000097c       0x2d /opt/st/stm32cubeide_1.1.0/plugins/com.st.stm32cube.ide.mcu.externaltools.gnu-tools-for-stm32.7-2018-q2-update.linux64_1.0.0.201904181610/tools/bin/../lib/gcc/arm-none-eabi/7.3.1/../../../../arm-none-eabi/lib/thumb/v7-m/libc_nano.a(lib_a-wctomb_r.o)
 .ARM.attributes
                0x00000000000009a9       0x2d /opt/st/stm32cubeide_1.1.0/plugins/com.st.stm32cube.ide.mcu.externaltools.gnu-tools-for-stm32.7-2018-q2-update.linux64_1.0.0.201904181610/tools/bin/../lib/gcc/arm-none-eabi/7.3.1/../../../../arm-none-eabi/lib/thumb/v7-m/libc_nano.a(lib_a-ctype_.o)
 .ARM.attributes
                0x00000000000009d6       0x2d /opt/st/stm32cubeide_1.1.0/plugins/com.st.stm32cube.ide.mcu.externaltools.gnu-tools-for-stm32.7-2018-q2-update.linux64_1.0.0.201904181610/tools/bin/../lib/gcc/arm-none-eabi/7.3.1/../../../../arm-none-eabi/lib/thumb/v7-m/libc_nano.a(lib_a-nano-msizer.o)
 .ARM.attributes
                0x0000000000000a03       0x1d /opt/st/stm32cubeide_1.1.0/plugins/com.st.stm32cube.ide.mcu.externaltools.gnu-tools-for-stm32.7-2018-q2-update.linux64_1.0.0.201904181610/tools/bin/../lib/gcc/arm-none-eabi/7.3.1/thumb/v7-m/libgcc.a(_arm_addsubdf3.o)
 .ARM.attributes
                0x0000000000000a20       0x1d /opt/st/stm32cubeide_1.1.0/plugins/com.st.stm32cube.ide.mcu.externaltools.gnu-tools-for-stm32.7-2018-q2-update.linux64_1.0.0.201904181610/tools/bin/../lib/gcc/arm-none-eabi/7.3.1/thumb/v7-m/libgcc.a(_arm_muldivdf3.o)
 .ARM.attributes
                0x0000000000000a3d       0x1d /opt/st/stm32cubeide_1.1.0/plugins/com.st.stm32cube.ide.mcu.externaltools.gnu-tools-for-stm32.7-2018-q2-update.linux64_1.0.0.201904181610/tools/bin/../lib/gcc/arm-none-eabi/7.3.1/thumb/v7-m/libgcc.a(_arm_cmpdf2.o)
 .ARM.attributes
                0x0000000000000a5a       0x1d /opt/st/stm32cubeide_1.1.0/plugins/com.st.stm32cube.ide.mcu.externaltools.gnu-tools-for-stm32.7-2018-q2-update.linux64_1.0.0.201904181610/tools/bin/../lib/gcc/arm-none-eabi/7.3.1/thumb/v7-m/libgcc.a(_arm_unorddf2.o)
 .ARM.attributes
                0x0000000000000a77       0x1d /opt/st/stm32cubeide_1.1.0/plugins/com.st.stm32cube.ide.mcu.externaltools.gnu-tools-for-stm32.7-2018-q2-update.linux64_1.0.0.201904181610/tools/bin/../lib/gcc/arm-none-eabi/7.3.1/thumb/v7-m/libgcc.a(_arm_fixdfsi.o)
 .ARM.attributes
                0x0000000000000a94       0x1d /opt/st/stm32cubeide_1.1.0/plugins/com.st.stm32cube.ide.mcu.externaltools.gnu-tools-for-stm32.7-2018-q2-update.linux64_1.0.0.201904181610/tools/bin/../lib/gcc/arm-none-eabi/7.3.1/thumb/v7-m/libgcc.a(_arm_fixunsdfsi.o)
 .ARM.attributes
                0x0000000000000ab1       0x1d /opt/st/stm32cubeide_1.1.0/plugins/com.st.stm32cube.ide.mcu.externaltools.gnu-tools-for-stm32.7-2018-q2-update.linux64_1.0.0.201904181610/tools/bin/../lib/gcc/arm-none-eabi/7.3.1/thumb/v7-m/libgcc.a(_arm_addsubsf3.o)
 .ARM.attributes
                0x0000000000000ace       0x1d /opt/st/stm32cubeide_1.1.0/plugins/com.st.stm32cube.ide.mcu.externaltools.gnu-tools-for-stm32.7-2018-q2-update.linux64_1.0.0.201904181610/tools/bin/../lib/gcc/arm-none-eabi/7.3.1/thumb/v7-m/crtn.o
OUTPUT(TestLaunchCode.elf elf32-littlearm)

.debug_info     0x0000000000000000    0x13813
 .debug_info    0x0000000000000000      0xb82 Core/Src/fatfs_sd.o
 .debug_info    0x0000000000000b82     0x1e2d Core/Src/main.o
 .debug_info    0x00000000000029af     0x1e47 Core/Src/maincpp.o
 .debug_info    0x00000000000047f6     0x130f Core/Src/stm32f1xx_hal_msp.o
 .debug_info    0x0000000000005b05      0x743 Core/Src/stm32f1xx_it.o
 .debug_info    0x0000000000006248      0x91c Core/Src/sysmem.o
 .debug_info    0x0000000000006b64      0x433 Core/Src/system_stm32f1xx.o
 .debug_info    0x0000000000006f97       0x22 Core/Startup/startup_stm32f103c8tx.o
 .debug_info    0x0000000000006fb9      0x6fe Drivers/STM32F1xx_HAL_Driver/Src/stm32f1xx_hal.o
 .debug_info    0x00000000000076b7      0xc61 Drivers/STM32F1xx_HAL_Driver/Src/stm32f1xx_hal_adc.o
 .debug_info    0x0000000000008318      0xb46 Drivers/STM32F1xx_HAL_Driver/Src/stm32f1xx_hal_cortex.o
 .debug_info    0x0000000000008e5e      0x7a6 Drivers/STM32F1xx_HAL_Driver/Src/stm32f1xx_hal_dma.o
 .debug_info    0x0000000000009604      0x681 Drivers/STM32F1xx_HAL_Driver/Src/stm32f1xx_hal_gpio.o
 .debug_info    0x0000000000009c85     0x2457 Drivers/STM32F1xx_HAL_Driver/Src/stm32f1xx_hal_i2c.o
 .debug_info    0x000000000000c0dc      0x804 Drivers/STM32F1xx_HAL_Driver/Src/stm32f1xx_hal_rcc.o
 .debug_info    0x000000000000c8e0      0x439 Drivers/STM32F1xx_HAL_Driver/Src/stm32f1xx_hal_rcc_ex.o
 .debug_info    0x000000000000cd19     0x153a Drivers/STM32F1xx_HAL_Driver/Src/stm32f1xx_hal_spi.o
 .debug_info    0x000000000000e253     0x13ba Drivers/STM32F1xx_HAL_Driver/Src/stm32f1xx_hal_uart.o
 .debug_info    0x000000000000f60d      0x594 FATFS/App/fatfs.o
 .debug_info    0x000000000000fba1      0xc0e FATFS/Target/user_diskio.o
 .debug_info    0x00000000000107af      0x4b3 Middlewares/Third_Party/FatFs/src/diskio.o
 .debug_info    0x0000000000010c62     0x2505 Middlewares/Third_Party/FatFs/src/ff.o
 .debug_info    0x0000000000013167      0x451 Middlewares/Third_Party/FatFs/src/ff_gen_drv.o
 .debug_info    0x00000000000135b8      0x25b Middlewares/Third_Party/FatFs/src/option/ccsbcs.o

.debug_abbrev   0x0000000000000000     0x2d2a
 .debug_abbrev  0x0000000000000000      0x262 Core/Src/fatfs_sd.o
 .debug_abbrev  0x0000000000000262      0x2c1 Core/Src/main.o
 .debug_abbrev  0x0000000000000523      0x314 Core/Src/maincpp.o
 .debug_abbrev  0x0000000000000837      0x1cd Core/Src/stm32f1xx_hal_msp.o
 .debug_abbrev  0x0000000000000a04      0x15a Core/Src/stm32f1xx_it.o
 .debug_abbrev  0x0000000000000b5e      0x1bb Core/Src/sysmem.o
 .debug_abbrev  0x0000000000000d19      0x134 Core/Src/system_stm32f1xx.o
 .debug_abbrev  0x0000000000000e4d       0x12 Core/Startup/startup_stm32f103c8tx.o
 .debug_abbrev  0x0000000000000e5f      0x1d8 Drivers/STM32F1xx_HAL_Driver/Src/stm32f1xx_hal.o
 .debug_abbrev  0x0000000000001037      0x1d5 Drivers/STM32F1xx_HAL_Driver/Src/stm32f1xx_hal_adc.o
 .debug_abbrev  0x000000000000120c      0x2d5 Drivers/STM32F1xx_HAL_Driver/Src/stm32f1xx_hal_cortex.o
 .debug_abbrev  0x00000000000014e1      0x1fe Drivers/STM32F1xx_HAL_Driver/Src/stm32f1xx_hal_dma.o
 .debug_abbrev  0x00000000000016df      0x1c0 Drivers/STM32F1xx_HAL_Driver/Src/stm32f1xx_hal_gpio.o
 .debug_abbrev  0x000000000000189f      0x258 Drivers/STM32F1xx_HAL_Driver/Src/stm32f1xx_hal_i2c.o
 .debug_abbrev  0x0000000000001af7      0x243 Drivers/STM32F1xx_HAL_Driver/Src/stm32f1xx_hal_rcc.o
 .debug_abbrev  0x0000000000001d3a      0x175 Drivers/STM32F1xx_HAL_Driver/Src/stm32f1xx_hal_rcc_ex.o
 .debug_abbrev  0x0000000000001eaf      0x240 Drivers/STM32F1xx_HAL_Driver/Src/stm32f1xx_hal_spi.o
 .debug_abbrev  0x00000000000020ef      0x242 Drivers/STM32F1xx_HAL_Driver/Src/stm32f1xx_hal_uart.o
 .debug_abbrev  0x0000000000002331      0x17d FATFS/App/fatfs.o
 .debug_abbrev  0x00000000000024ae      0x1f1 FATFS/Target/user_diskio.o
 .debug_abbrev  0x000000000000269f      0x16f Middlewares/Third_Party/FatFs/src/diskio.o
 .debug_abbrev  0x000000000000280e      0x278 Middlewares/Third_Party/FatFs/src/ff.o
 .debug_abbrev  0x0000000000002a86      0x19c Middlewares/Third_Party/FatFs/src/ff_gen_drv.o
 .debug_abbrev  0x0000000000002c22      0x108 Middlewares/Third_Party/FatFs/src/option/ccsbcs.o

.debug_aranges  0x0000000000000000     0x1080
 .debug_aranges
                0x0000000000000000       0xa0 Core/Src/fatfs_sd.o
 .debug_aranges
                0x00000000000000a0       0x68 Core/Src/main.o
 .debug_aranges
                0x0000000000000108       0x58 Core/Src/maincpp.o
 .debug_aranges
                0x0000000000000160       0x60 Core/Src/stm32f1xx_hal_msp.o
 .debug_aranges
                0x00000000000001c0       0x78 Core/Src/stm32f1xx_it.o
 .debug_aranges
                0x0000000000000238       0x20 Core/Src/sysmem.o
 .debug_aranges
                0x0000000000000258       0x28 Core/Src/system_stm32f1xx.o
 .debug_aranges
                0x0000000000000280       0x28 Core/Startup/startup_stm32f103c8tx.o
 .debug_aranges
                0x00000000000002a8       0xe0 Drivers/STM32F1xx_HAL_Driver/Src/stm32f1xx_hal.o
 .debug_aranges
                0x0000000000000388       0xf0 Drivers/STM32F1xx_HAL_Driver/Src/stm32f1xx_hal_adc.o
 .debug_aranges
                0x0000000000000478      0x100 Drivers/STM32F1xx_HAL_Driver/Src/stm32f1xx_hal_cortex.o
 .debug_aranges
                0x0000000000000578       0x80 Drivers/STM32F1xx_HAL_Driver/Src/stm32f1xx_hal_dma.o
 .debug_aranges
                0x00000000000005f8       0x58 Drivers/STM32F1xx_HAL_Driver/Src/stm32f1xx_hal_gpio.o
 .debug_aranges
                0x0000000000000650      0x290 Drivers/STM32F1xx_HAL_Driver/Src/stm32f1xx_hal_i2c.o
 .debug_aranges
                0x00000000000008e0       0x90 Drivers/STM32F1xx_HAL_Driver/Src/stm32f1xx_hal_rcc.o
 .debug_aranges
                0x0000000000000970       0x30 Drivers/STM32F1xx_HAL_Driver/Src/stm32f1xx_hal_rcc_ex.o
 .debug_aranges
                0x00000000000009a0      0x1d0 Drivers/STM32F1xx_HAL_Driver/Src/stm32f1xx_hal_spi.o
 .debug_aranges
                0x0000000000000b70      0x1e8 Drivers/STM32F1xx_HAL_Driver/Src/stm32f1xx_hal_uart.o
 .debug_aranges
                0x0000000000000d58       0x28 FATFS/App/fatfs.o
 .debug_aranges
                0x0000000000000d80       0x40 FATFS/Target/user_diskio.o
 .debug_aranges